ARM Linker, 5.03 [Build 76] [MDK-ARM Professional]

==============================================================================

Section Cross References

    usbuser.o(.text) refers to usbcore.o(.text) for USB_ResetCore
    usbuser.o(.text) refers to usbhw.o(.text) for USB_DMA_BufAdr
    usbuser.o(.text) refers to usbdmain.o(.data) for DataBuf
    usbuser.o(.constdata) refers to usbcore.o(.text) for USB_EndPoint0
    usbuser.o(.constdata) refers to usbuser.o(.text) for USB_EndPoint3
    usbcore.o(.text) refers to usbhw.o(.text) for USB_ReadEP
    usbcore.o(.text) refers to usbcore.o(i.USB_ReqGetStatus) for USB_ReqGetStatus
    usbcore.o(.text) refers to usbcore.o(i.USB_ReqSetClrFeature) for USB_ReqSetClrFeature
    usbcore.o(.text) refers to usbcore.o(i.USB_ReqGetDescriptor) for USB_ReqGetDescriptor
    usbcore.o(.text) refers to usbcore.o(i.USB_ReqSetConfiguration) for USB_ReqSetConfiguration
    usbcore.o(.text) refers to usbcore.o(i.USB_ReqSetInterface) for USB_ReqSetInterface
    usbcore.o(.text) refers to adcuser.o(.text) for ADC_IF_GetRequest
    usbcore.o(.text) refers to usbcore.o(.data) for USB_DeviceStatus
    usbcore.o(.text) refers to usbcore.o(.bss) for EP0Buf
    usbdmain.o(.text) refers to _printf_percent.o(.ARM.Collect$$_printf_percent$$00000000) for _printf_percent
    usbdmain.o(.text) refers to _printf_i.o(.ARM.Collect$$_printf_percent$$00000008) for _printf_i
    usbdmain.o(.text) refers to _printf_dec.o(.text) for _printf_int_dec
    usbdmain.o(.text) refers to kbd.o(.text) for get_button
    usbdmain.o(.text) refers to usbhw.o(.text) for USB_Connect
    usbdmain.o(.text) refers to led.o(.text) for LED_Init
    usbdmain.o(.text) refers to adc.o(.text) for ADC_Init
    usbdmain.o(.text) refers to glcd_spi_lpc1700.o(.text) for GLCD_Init
    usbdmain.o(.text) refers to noretval__2sprintf.o(.text) for __2sprintf
    usbdmain.o(.text) refers to usbdmain.o(.data) for PotVal
    usbdmain.o(.text) refers to adcuser.o(.data) for VolCur
    usbdmain.o(.text) refers to usbdmain.o(.bss) for direction
    usbdmain.o(.text) refers to system_lpc17xx.o(.text) for SystemClockUpdate
    usbdmain.o(.text) refers to foreground.o(.constdata) for foreground
    usbdmain.o(.text) refers to logo.o(.constdata) for logo
    usbdmain.o(.text) refers to bird-mid.o(.constdata) for bird_mid
    usbdmain.o(.text) refers to system_lpc17xx.o(.data) for SystemFrequency
    usbdmain.o(.text) refers to pipe1.o(.constdata) for pipe1
    usbdmain.o(.text) refers to pipe2.o(.constdata) for pipe2
    usbdmain.o(.text) refers to pipe3.o(.constdata) for pipe3
    usbdmain.o(.text) refers to bird_up.o(.constdata) for bird_up
    usbdmain.o(.text) refers to bird_dead.o(.constdata) for bird_dead
    usbdmain.o(.text) refers to bird_down.o(.constdata) for bird_down
    usbhw.o(.text) refers to usbhw.o(.data) for DDMemMap
    usbhw.o(.text) refers to usbhw.o(.bss) for udca
    usbhw.o(.text) refers to usbhw.o(USB_RAM) for UDCA
    usbhw.o(.text) refers to usbcore.o(.data) for USB_DeviceStatus
    usbhw.o(.text) refers to usbuser.o(.text) for USB_Reset_Event
    usbhw.o(.text) refers to usbhw.o(.constdata) for DDAdr
    usbhw.o(.text) refers to usbuser.o(.constdata) for USB_P_EP
    adcuser.o(.text) refers to usbcore.o(.data) for SetupPacket
    adcuser.o(.text) refers to usbdmain.o(.data) for Mute
    adcuser.o(.text) refers to usbcore.o(.bss) for EP0Buf
    adcuser.o(.text) refers to adcuser.o(.data) for VolCur
    system_lpc17xx.o(.text) refers to lludivv7m.o(.text) for __aeabi_uldivmod
    system_lpc17xx.o(.text) refers to system_lpc17xx.o(.data) for SystemCoreClock
    startup_lpc17xx.o(STACK) refers (Special) to heapauxi.o(.text) for __use_two_region_memory
    startup_lpc17xx.o(HEAP) refers (Special) to heapauxi.o(.text) for __use_two_region_memory
    startup_lpc17xx.o(RESET) refers (Special) to heapauxi.o(.text) for __use_two_region_memory
    startup_lpc17xx.o(RESET) refers to startup_lpc17xx.o(STACK) for __initial_sp
    startup_lpc17xx.o(RESET) refers to startup_lpc17xx.o(.text) for Reset_Handler
    startup_lpc17xx.o(RESET) refers to irq.o(.text) for SysTick_Handler
    startup_lpc17xx.o(RESET) refers to usbdmain.o(.text) for TIMER0_IRQHandler
    startup_lpc17xx.o(RESET) refers to usbhw.o(.text) for USB_IRQHandler
    startup_lpc17xx.o(.ARM.__at_0x02FC) refers (Special) to heapauxi.o(.text) for __use_two_region_memory
    startup_lpc17xx.o(.text) refers (Special) to heapauxi.o(.text) for __use_two_region_memory
    startup_lpc17xx.o(.text) refers to system_lpc17xx.o(.text) for SystemInit
    startup_lpc17xx.o(.text) refers to __main.o(!!!main) for __main
    startup_lpc17xx.o(.text) refers to startup_lpc17xx.o(HEAP) for Heap_Mem
    startup_lpc17xx.o(.text) refers to startup_lpc17xx.o(STACK) for Stack_Mem
    adc.o(.text) refers to adc.o(.data) for AD_last
    glcd_spi_lpc1700.o(.text) refers to glcd_spi_lpc1700.o(.data) for Himax
    glcd_spi_lpc1700.o(.text) refers to glcd_spi_lpc1700.o(.constdata) for Font_6x8_h
    irq.o(.text) refers to irq.o(.data) for ticks
    led.o(.text) refers to led.o(.constdata) for led_mask
    __2sprintf.o(.text) refers to _printf_char_common.o(.text) for _printf_char_common
    __2sprintf.o(.text) refers to _sputc.o(.text) for _sputc
    noretval__2sprintf.o(.text) refers to _printf_char_common.o(.text) for _printf_char_common
    noretval__2sprintf.o(.text) refers to _sputc.o(.text) for _sputc
    __printf.o(.text) refers to _printf_percent.o(.ARM.Collect$$_printf_percent$$00000000) for _printf_percent
    _printf_dec.o(.text) refers to _printf_intcommon.o(.text) for _printf_int_common
    __printf_flags.o(.text) refers to _printf_percent.o(.ARM.Collect$$_printf_percent$$00000000) for _printf_percent
    __printf_flags.o(.text) refers to __printf_flags.o(.constdata) for .constdata
    __printf_ss.o(.text) refers to _printf_percent.o(.ARM.Collect$$_printf_percent$$00000000) for _printf_percent
    __printf_flags_ss.o(.text) refers to _printf_percent.o(.ARM.Collect$$_printf_percent$$00000000) for _printf_percent
    __printf_flags_ss.o(.text) refers to __printf_flags_ss.o(.constdata) for .constdata
    __printf_wp.o(.text) refers to __printf_wp.o(i._is_digit) for _is_digit
    __printf_wp.o(.text) refers to _printf_percent.o(.ARM.Collect$$_printf_percent$$00000000) for _printf_percent
    __printf_flags_wp.o(.text) refers to __printf_wp.o(i._is_digit) for _is_digit
    __printf_flags_wp.o(.text) refers to _printf_percent.o(.ARM.Collect$$_printf_percent$$00000000) for _printf_percent
    __printf_flags_wp.o(.text) refers to __printf_flags_wp.o(.constdata) for .constdata
    __printf_ss_wp.o(.text) refers to __printf_wp.o(i._is_digit) for _is_digit
    __printf_ss_wp.o(.text) refers to _printf_percent.o(.ARM.Collect$$_printf_percent$$00000000) for _printf_percent
    __printf_flags_ss_wp.o(.text) refers to __printf_wp.o(i._is_digit) for _is_digit
    __printf_flags_ss_wp.o(.text) refers to _printf_percent.o(.ARM.Collect$$_printf_percent$$00000000) for _printf_percent
    __printf_flags_ss_wp.o(.text) refers to __printf_flags_ss_wp.o(.constdata) for .constdata
    _printf_i.o(.ARM.Collect$$_printf_percent$$00000008) refers (Weak) to _printf_dec.o(.text) for _printf_int_dec
    _printf_percent.o(.ARM.Collect$$_printf_percent$$00000000) refers (Special) to _printf_percent_end.o(.ARM.Collect$$_printf_percent$$00000017) for _printf_percent_end
    __main.o(!!!main) refers to rtentry.o(.ARM.Collect$$rtentry$$00000000) for __rt_entry
    rtentry.o(.ARM.Collect$$rtentry$$00000000) refers (Special) to rtentry2.o(.ARM.Collect$$rtentry$$0000000A) for __rt_entry_li
    rtentry.o(.ARM.Collect$$rtentry$$00000000) refers (Special) to rtentry2.o(.ARM.Collect$$rtentry$$0000000D) for __rt_entry_main
    rtentry.o(.ARM.Collect$$rtentry$$00000000) refers (Special) to rtentry2.o(.ARM.Collect$$rtentry$$0000000C) for __rt_entry_postli_1
    rtentry.o(.ARM.Collect$$rtentry$$00000000) refers (Special) to rtentry2.o(.ARM.Collect$$rtentry$$00000009) for __rt_entry_postsh_1
    rtentry.o(.ARM.Collect$$rtentry$$00000000) refers (Special) to rtentry2.o(.ARM.Collect$$rtentry$$00000002) for __rt_entry_presh_1
    rtentry.o(.ARM.Collect$$rtentry$$00000000) refers (Special) to rtentry4.o(.ARM.Collect$$rtentry$$00000004) for __rt_entry_sh
    aeabi_ldiv0_sigfpe.o(.text) refers to rt_div0.o(.text) for __rt_div0
    _printf_char_common.o(.text) refers to __printf.o(.text) for __printf
    rtentry2.o(.ARM.Collect$$rtentry$$00000008) refers to boardinit2.o(.text) for _platform_post_stackheap_init
    rtentry2.o(.ARM.Collect$$rtentry$$0000000A) refers to libinit.o(.ARM.Collect$$libinit$$00000000) for __rt_lib_init
    rtentry2.o(.ARM.Collect$$rtentry$$0000000B) refers to boardinit3.o(.text) for _platform_post_lib_init
    rtentry2.o(.ARM.Collect$$rtentry$$0000000D) refers to usbdmain.o(.text) for main
    rtentry2.o(.ARM.Collect$$rtentry$$0000000D) refers to exit.o(.text) for exit
    rtentry2.o(.ARM.exidx) refers to rtentry2.o(.ARM.Collect$$rtentry$$00000001) for .ARM.Collect$$rtentry$$00000001
    rtentry2.o(.ARM.exidx) refers to rtentry2.o(.ARM.Collect$$rtentry$$00000008) for .ARM.Collect$$rtentry$$00000008
    rtentry2.o(.ARM.exidx) refers to rtentry2.o(.ARM.Collect$$rtentry$$0000000A) for .ARM.Collect$$rtentry$$0000000A
    rtentry2.o(.ARM.exidx) refers to rtentry2.o(.ARM.Collect$$rtentry$$0000000B) for .ARM.Collect$$rtentry$$0000000B
    rtentry2.o(.ARM.exidx) refers to rtentry2.o(.ARM.Collect$$rtentry$$0000000D) for .ARM.Collect$$rtentry$$0000000D
    rtentry4.o(.ARM.Collect$$rtentry$$00000004) refers to sys_stackheap_outer.o(.text) for __user_setup_stackheap
    rtentry4.o(.ARM.exidx) refers to rtentry4.o(.ARM.Collect$$rtentry$$00000004) for .ARM.Collect$$rtentry$$00000004
    rt_div0.o(.text) refers to defsig_fpe_outer.o(.text) for __rt_SIGFPE
    sys_stackheap_outer.o(.text) refers to libspace.o(.text) for __user_perproc_libspace
    sys_stackheap_outer.o(.text) refers to startup_lpc17xx.o(.text) for __user_initial_stackheap
    exit.o(.text) refers to rtexit.o(.ARM.Collect$$rtexit$$00000000) for __rt_exit
    defsig_fpe_outer.o(.text) refers to defsig_fpe_inner.o(.text) for __rt_SIGFPE_inner
    defsig_fpe_outer.o(.text) refers to defsig_exit.o(.text) for __sig_exit
    defsig_fpe_formal.o(.text) refers to rt_raise.o(.text) for __rt_raise
    libinit.o(.ARM.Collect$$libinit$$00000000) refers (Special) to libinit2.o(.ARM.Collect$$libinit$$0000002C) for __rt_lib_init_alloca_1
    libinit.o(.ARM.Collect$$libinit$$00000000) refers (Special) to libinit2.o(.ARM.Collect$$libinit$$0000002A) for __rt_lib_init_argv_1
    libinit.o(.ARM.Collect$$libinit$$00000000) refers (Special) to libinit2.o(.ARM.Collect$$libinit$$00000019) for __rt_lib_init_atexit_1
    libinit.o(.ARM.Collect$$libinit$$00000000) refers (Special) to libinit2.o(.ARM.Collect$$libinit$$0000001F) for __rt_lib_init_clock_1
    libinit.o(.ARM.Collect$$libinit$$00000000) refers (Special) to libinit2.o(.ARM.Collect$$libinit$$00000030) for __rt_lib_init_cpp_1
    libinit.o(.ARM.Collect$$libinit$$00000000) refers (Special) to libinit2.o(.ARM.Collect$$libinit$$0000002E) for __rt_lib_init_exceptions_1
    libinit.o(.ARM.Collect$$libinit$$00000000) refers (Special) to libinit2.o(.ARM.Collect$$libinit$$00000002) for __rt_lib_init_fp_1
    libinit.o(.ARM.Collect$$libinit$$00000000) refers (Special) to libinit2.o(.ARM.Collect$$libinit$$0000001D) for __rt_lib_init_fp_trap_1
    libinit.o(.ARM.Collect$$libinit$$00000000) refers (Special) to libinit2.o(.ARM.Collect$$libinit$$00000021) for __rt_lib_init_getenv_1
    libinit.o(.ARM.Collect$$libinit$$00000000) refers (Special) to libinit2.o(.ARM.Collect$$libinit$$00000008) for __rt_lib_init_heap_1
    libinit.o(.ARM.Collect$$libinit$$00000000) refers (Special) to libinit2.o(.ARM.Collect$$libinit$$0000000F) for __rt_lib_init_lc_collate_1
    libinit.o(.ARM.Collect$$libinit$$00000000) refers (Special) to libinit2.o(.ARM.Collect$$libinit$$00000011) for __rt_lib_init_lc_ctype_1
    libinit.o(.ARM.Collect$$libinit$$00000000) refers (Special) to libinit2.o(.ARM.Collect$$libinit$$00000013) for __rt_lib_init_lc_monetary_1
    libinit.o(.ARM.Collect$$libinit$$00000000) refers (Special) to libinit2.o(.ARM.Collect$$libinit$$00000015) for __rt_lib_init_lc_numeric_1
    libinit.o(.ARM.Collect$$libinit$$00000000) refers (Special) to libinit2.o(.ARM.Collect$$libinit$$00000017) for __rt_lib_init_lc_time_1
    libinit.o(.ARM.Collect$$libinit$$00000000) refers (Special) to libinit2.o(.ARM.Collect$$libinit$$0000000C) for __rt_lib_init_rand_1
    libinit.o(.ARM.Collect$$libinit$$00000000) refers (Special) to libinit2.o(.ARM.Collect$$libinit$$00000031) for __rt_lib_init_return
    libinit.o(.ARM.Collect$$libinit$$00000000) refers (Special) to libinit2.o(.ARM.Collect$$libinit$$0000001B) for __rt_lib_init_signal_1
    libinit.o(.ARM.Collect$$libinit$$00000000) refers (Special) to libinit2.o(.ARM.Collect$$libinit$$00000023) for __rt_lib_init_stdio_1
    libinit.o(.ARM.Collect$$libinit$$00000000) refers (Special) to libinit2.o(.ARM.Collect$$libinit$$0000000A) for __rt_lib_init_user_alloc_1
    libspace.o(.text) refers to libspace.o(.bss) for __libspace_start
    rtexit.o(.ARM.Collect$$rtexit$$00000000) refers (Special) to rtexit2.o(.ARM.Collect$$rtexit$$00000004) for __rt_exit_exit
    rtexit.o(.ARM.Collect$$rtexit$$00000000) refers (Special) to rtexit2.o(.ARM.Collect$$rtexit$$00000003) for __rt_exit_ls
    rtexit.o(.ARM.Collect$$rtexit$$00000000) refers (Special) to rtexit2.o(.ARM.Collect$$rtexit$$00000002) for __rt_exit_prels_1
    rtexit.o(.ARM.exidx) refers (Special) to rtexit2.o(.ARM.Collect$$rtexit$$00000004) for __rt_exit_exit
    rtexit.o(.ARM.exidx) refers (Special) to rtexit2.o(.ARM.Collect$$rtexit$$00000003) for __rt_exit_ls
    rtexit.o(.ARM.exidx) refers (Special) to rtexit2.o(.ARM.Collect$$rtexit$$00000002) for __rt_exit_prels_1
    rtexit.o(.ARM.exidx) refers to rtexit.o(.ARM.Collect$$rtexit$$00000000) for .ARM.Collect$$rtexit$$00000000
    rt_raise.o(.text) refers to __raise.o(.text) for __raise
    rt_raise.o(.text) refers to sys_exit.o(.text) for _sys_exit
    defsig_exit.o(.text) refers to sys_exit.o(.text) for _sys_exit
    defsig_fpe_inner.o(.text) refers to defsig_general.o(.text) for __default_signal_display
    libinit2.o(.ARM.Collect$$libinit$$0000000E) refers to libinit2.o(.ARM.Collect$$libinit$$0000000D) for .ARM.Collect$$libinit$$0000000D
    libinit2.o(.ARM.Collect$$libinit$$00000010) refers to libinit2.o(.ARM.Collect$$libinit$$0000000D) for .ARM.Collect$$libinit$$0000000D
    libinit2.o(.ARM.Collect$$libinit$$00000012) refers to libinit2.o(.ARM.Collect$$libinit$$0000000D) for .ARM.Collect$$libinit$$0000000D
    libinit2.o(.ARM.Collect$$libinit$$00000014) refers to libinit2.o(.ARM.Collect$$libinit$$0000000D) for .ARM.Collect$$libinit$$0000000D
    libinit2.o(.ARM.Collect$$libinit$$00000016) refers to libinit2.o(.ARM.Collect$$libinit$$0000000D) for .ARM.Collect$$libinit$$0000000D
    libinit2.o(.ARM.Collect$$libinit$$00000024) refers to argv_veneer.o(.emb_text) for __ARM_argv_veneer
    libinit2.o(.ARM.Collect$$libinit$$00000025) refers to argv_veneer.o(.emb_text) for __ARM_argv_veneer
    sys_exit.o(.text) refers (Special) to use_no_semi.o(.text) for __I$use$semihosting
    sys_exit.o(.text) refers (Special) to indicate_semi.o(.text) for __semihosting_library_function
    rtexit2.o(.ARM.Collect$$rtexit$$00000003) refers to libshutdown.o(.ARM.Collect$$libshutdown$$00000000) for __rt_lib_shutdown
    rtexit2.o(.ARM.Collect$$rtexit$$00000004) refers to sys_exit.o(.text) for _sys_exit
    rtexit2.o(.ARM.exidx) refers to rtexit2.o(.ARM.Collect$$rtexit$$00000001) for .ARM.Collect$$rtexit$$00000001
    rtexit2.o(.ARM.exidx) refers to rtexit2.o(.ARM.Collect$$rtexit$$00000003) for .ARM.Collect$$rtexit$$00000003
    rtexit2.o(.ARM.exidx) refers to rtexit2.o(.ARM.Collect$$rtexit$$00000004) for .ARM.Collect$$rtexit$$00000004
    __raise.o(.text) refers to defsig.o(CL$$defsig) for __default_signal_handler
    defsig_general.o(.text) refers to sys_wrch.o(.text) for _ttywrch
    argv_veneer.o(.emb_text) refers to no_argv.o(.text) for __ARM_get_argv
    sys_wrch.o(.text) refers (Special) to use_no_semi.o(.text) for __I$use$semihosting
    sys_wrch.o(.text) refers (Special) to indicate_semi.o(.text) for __semihosting_library_function
    defsig.o(CL$$defsig) refers to defsig_fpe_inner.o(.text) for __rt_SIGFPE_inner
    defsig.o(CL$$defsig) refers to defsig_rtmem_inner.o(.text) for __rt_SIGRTMEM_inner
    _get_argv_nomalloc.o(.text) refers (Special) to hrguard.o(.text) for __heap_region$guard
    _get_argv_nomalloc.o(.text) refers to defsig_rtmem_outer.o(.text) for __rt_SIGRTMEM
    _get_argv_nomalloc.o(.text) refers to sys_command.o(.text) for _sys_command_string
    libshutdown.o(.ARM.Collect$$libshutdown$$00000000) refers (Special) to libshutdown2.o(.ARM.Collect$$libshutdown$$00000006) for __rt_lib_shutdown_fp_trap_1
    libshutdown.o(.ARM.Collect$$libshutdown$$00000000) refers (Special) to libshutdown2.o(.ARM.Collect$$libshutdown$$0000000E) for __rt_lib_shutdown_heap_1
    libshutdown.o(.ARM.Collect$$libshutdown$$00000000) refers (Special) to libshutdown2.o(.ARM.Collect$$libshutdown$$0000000F) for __rt_lib_shutdown_return
    libshutdown.o(.ARM.Collect$$libshutdown$$00000000) refers (Special) to libshutdown2.o(.ARM.Collect$$libshutdown$$00000009) for __rt_lib_shutdown_signal_1
    libshutdown.o(.ARM.Collect$$libshutdown$$00000000) refers (Special) to libshutdown2.o(.ARM.Collect$$libshutdown$$00000003) for __rt_lib_shutdown_stdio_1
    libshutdown.o(.ARM.Collect$$libshutdown$$00000000) refers (Special) to libshutdown2.o(.ARM.Collect$$libshutdown$$0000000B) for __rt_lib_shutdown_user_alloc_1
    sys_command.o(.text) refers (Special) to use_no_semi.o(.text) for __I$use$semihosting
    sys_command.o(.text) refers (Special) to indicate_semi.o(.text) for __semihosting_library_function
    defsig_abrt_inner.o(.text) refers to defsig_general.o(.text) for __default_signal_display
    defsig_rtred_inner.o(.text) refers to defsig_general.o(.text) for __default_signal_display
    defsig_rtmem_inner.o(.text) refers to defsig_general.o(.text) for __default_signal_display
    defsig_rtmem_outer.o(.text) refers to defsig_rtmem_inner.o(.text) for __rt_SIGRTMEM_inner
    defsig_rtmem_outer.o(.text) refers to defsig_exit.o(.text) for __sig_exit
    defsig_rtmem_formal.o(.text) refers to rt_raise.o(.text) for __rt_raise
    defsig_stak_inner.o(.text) refers to defsig_general.o(.text) for __default_signal_display
    defsig_pvfn_inner.o(.text) refers to defsig_general.o(.text) for __default_signal_display
    defsig_cppl_inner.o(.text) refers to defsig_general.o(.text) for __default_signal_display
    defsig_segv_inner.o(.text) refers to defsig_general.o(.text) for __default_signal_display
    defsig_other.o(.text) refers to defsig_general.o(.text) for __default_signal_display
    usbcore.o(i.USB_ReqGetStatus) refers to usbcore.o(.data) for SetupPacket
    usbcore.o(i.USB_ReqGetStatus) refers to usbcore.o(.bss) for EP0Buf
    usbcore.o(i.USB_ReqSetClrFeature) refers to usbhw.o(.text) for USB_WakeUpCfg
    usbcore.o(i.USB_ReqSetClrFeature) refers to usbcore.o(.data) for SetupPacket
    usbcore.o(i.USB_ReqGetDescriptor) refers to usbcore.o(.data) for SetupPacket
    usbcore.o(i.USB_ReqGetDescriptor) refers to usbdesc.o(.constdata) for USB_DeviceDescriptor
    usbcore.o(i.USB_ReqSetConfiguration) refers to usbhw.o(.text) for USB_DisableEP
    usbcore.o(i.USB_ReqSetConfiguration) refers to usbcore.o(.data) for SetupPacket
    usbcore.o(i.USB_ReqSetConfiguration) refers to usbdesc.o(.constdata) for USB_ConfigDescriptor
    usbcore.o(i.USB_ReqSetInterface) refers to usbhw.o(.text) for USB_ConfigEP
    usbcore.o(i.USB_ReqSetInterface) refers to usbcore.o(.data) for SetupPacket
    usbcore.o(i.USB_ReqSetInterface) refers to usbdesc.o(.constdata) for USB_ConfigDescriptor


==============================================================================

Removing Unused input sections from the image.

    Removing adcuser.o(.constdata), (6 bytes).
    Removing core_cm3.o(.emb_text), (32 bytes).
    Removing arm_ani_16bpp.o(.constdata), (108000 bytes).
    Removing background.o(.constdata), (127876 bytes).
    Removing bg_16bpp_b.o(.constdata), (44230 bytes).
    Removing bg_16bpp_l.o(.data), (886 bytes).
    Removing bg_16bpp_r.o(.constdata), (886 bytes).
    Removing bg_16bpp_t.o(.constdata), (44230 bytes).
    Removing char.o(.constdata), (4097 bytes).
    Removing kbd.o(.data), (4 bytes).

10 unused section(s) (total 330247 bytes) removed from the image.

==============================================================================

Image Symbol Table

    Local Symbols

    Symbol Name                              Value     Ov Type        Size  Object(Section)

    RESET                                    0x00000000   Section      204  startup_lpc17xx.o(RESET)
    ../clib/angel/boardlib.s                 0x00000000   Number         0  boardshut.o ABSOLUTE
    ../clib/angel/boardlib.s                 0x00000000   Number         0  boardinit3.o ABSOLUTE
    ../clib/angel/boardlib.s                 0x00000000   Number         0  boardinit2.o ABSOLUTE
    ../clib/angel/boardlib.s                 0x00000000   Number         0  boardinit1.o ABSOLUTE
    ../clib/angel/handlers.s                 0x00000000   Number         0  __scatter_zi.o ABSOLUTE
    ../clib/angel/handlers.s                 0x00000000   Number         0  __scatter_copy.o ABSOLUTE
    ../clib/angel/kernel.s                   0x00000000   Number         0  rtentry4.o ABSOLUTE
    ../clib/angel/kernel.s                   0x00000000   Number         0  rtentry2.o ABSOLUTE
    ../clib/angel/kernel.s                   0x00000000   Number         0  rtexit2.o ABSOLUTE
    ../clib/angel/kernel.s                   0x00000000   Number         0  rtentry.o ABSOLUTE
    ../clib/angel/kernel.s                   0x00000000   Number         0  rtexit.o ABSOLUTE
    ../clib/angel/rt.s                       0x00000000   Number         0  rt_raise.o ABSOLUTE
    ../clib/angel/rt.s                       0x00000000   Number         0  rt_div0.o ABSOLUTE
    ../clib/angel/rt.s                       0x00000000   Number         0  aeabi_ldiv0_sigfpe.o ABSOLUTE
    ../clib/angel/rt.s                       0x00000000   Number         0  aeabi_ldiv0.o ABSOLUTE
    ../clib/angel/scatter.s                  0x00000000   Number         0  __scatter.o ABSOLUTE
    ../clib/angel/startup.s                  0x00000000   Number         0  __main.o ABSOLUTE
    ../clib/angel/sys.s                      0x00000000   Number         0  libspace.o ABSOLUTE
    ../clib/angel/sys.s                      0x00000000   Number         0  use_no_semi.o ABSOLUTE
    ../clib/angel/sys.s                      0x00000000   Number         0  sys_stackheap_outer.o ABSOLUTE
    ../clib/angel/sys.s                      0x00000000   Number         0  indicate_semi.o ABSOLUTE
    ../clib/angel/sysapp.c                   0x00000000   Number         0  sys_command.o ABSOLUTE
    ../clib/angel/sysapp.c                   0x00000000   Number         0  sys_wrch.o ABSOLUTE
    ../clib/angel/sysapp.c                   0x00000000   Number         0  sys_exit.o ABSOLUTE
    ../clib/armsys.c                         0x00000000   Number         0  no_argv.o ABSOLUTE
    ../clib/armsys.c                         0x00000000   Number         0  argv_veneer.o ABSOLUTE
    ../clib/armsys.c                         0x00000000   Number         0  argv_veneer.o ABSOLUTE
    ../clib/armsys.c                         0x00000000   Number         0  _get_argv_nomalloc.o ABSOLUTE
    ../clib/heapalloc.c                      0x00000000   Number         0  hrguard.o ABSOLUTE
    ../clib/heapaux.c                        0x00000000   Number         0  heapauxi.o ABSOLUTE
    ../clib/libinit.s                        0x00000000   Number         0  libinit.o ABSOLUTE
    ../clib/libinit.s                        0x00000000   Number         0  libshutdown.o ABSOLUTE
    ../clib/libinit.s                        0x00000000   Number         0  libinit2.o ABSOLUTE
    ../clib/libinit.s                        0x00000000   Number         0  libshutdown2.o ABSOLUTE
    ../clib/longlong.s                       0x00000000   Number         0  lludivv7m.o ABSOLUTE
    ../clib/printf.c                         0x00000000   Number         0  __printf_flags_ss.o ABSOLUTE
    ../clib/printf.c                         0x00000000   Number         0  __printf_flags_ss_wp.o ABSOLUTE
    ../clib/printf.c                         0x00000000   Number         0  __printf_ss_wp.o ABSOLUTE
    ../clib/printf.c                         0x00000000   Number         0  __printf_flags_wp.o ABSOLUTE
    ../clib/printf.c                         0x00000000   Number         0  __printf_wp.o ABSOLUTE
    ../clib/printf.c                         0x00000000   Number         0  __printf_ss.o ABSOLUTE
    ../clib/printf.c                         0x00000000   Number         0  __printf_flags.o ABSOLUTE
    ../clib/printf.c                         0x00000000   Number         0  _printf_dec.o ABSOLUTE
    ../clib/printf.c                         0x00000000   Number         0  __printf_nopercent.o ABSOLUTE
    ../clib/printf.c                         0x00000000   Number         0  _sputc.o ABSOLUTE
    ../clib/printf.c                         0x00000000   Number         0  _printf_char_common.o ABSOLUTE
    ../clib/printf.c                         0x00000000   Number         0  _printf_intcommon.o ABSOLUTE
    ../clib/printf.c                         0x00000000   Number         0  __2sprintf.o ABSOLUTE
    ../clib/printf.c                         0x00000000   Number         0  noretval__2sprintf.o ABSOLUTE
    ../clib/printf.c                         0x00000000   Number         0  __printf.o ABSOLUTE
    ../clib/printf_percent.s                 0x00000000   Number         0  _printf_i.o ABSOLUTE
    ../clib/printf_percent.s                 0x00000000   Number         0  _printf_percent.o ABSOLUTE
    ../clib/printf_percent.s                 0x00000000   Number         0  _printf_percent_end.o ABSOLUTE
    ../clib/signal.c                         0x00000000   Number         0  __raise.o ABSOLUTE
    ../clib/signal.c                         0x00000000   Number         0  defsig_fpe_inner.o ABSOLUTE
    ../clib/signal.c                         0x00000000   Number         0  defsig_exit.o ABSOLUTE
    ../clib/signal.c                         0x00000000   Number         0  defsig_fpe_formal.o ABSOLUTE
    ../clib/signal.c                         0x00000000   Number         0  defsig_fpe_outer.o ABSOLUTE
    ../clib/signal.c                         0x00000000   Number         0  defsig_other.o ABSOLUTE
    ../clib/signal.c                         0x00000000   Number         0  defsig_segv_inner.o ABSOLUTE
    ../clib/signal.c                         0x00000000   Number         0  defsig_cppl_inner.o ABSOLUTE
    ../clib/signal.c                         0x00000000   Number         0  defsig_pvfn_inner.o ABSOLUTE
    ../clib/signal.c                         0x00000000   Number         0  defsig_stak_inner.o ABSOLUTE
    ../clib/signal.c                         0x00000000   Number         0  defsig_rtmem_outer.o ABSOLUTE
    ../clib/signal.c                         0x00000000   Number         0  defsig_rtmem_inner.o ABSOLUTE
    ../clib/signal.c                         0x00000000   Number         0  defsig_rtred_inner.o ABSOLUTE
    ../clib/signal.c                         0x00000000   Number         0  defsig_abrt_inner.o ABSOLUTE
    ../clib/signal.c                         0x00000000   Number         0  defsig_rtmem_formal.o ABSOLUTE
    ../clib/signal.c                         0x00000000   Number         0  defsig_general.o ABSOLUTE
    ../clib/signal.s                         0x00000000   Number         0  defsig.o ABSOLUTE
    ../clib/stdlib.c                         0x00000000   Number         0  exit.o ABSOLUTE
    ../fplib/fpinit.s                        0x00000000   Number         0  fpinit.o ABSOLUTE
    ADC.c                                    0x00000000   Number         0  adc.o ABSOLUTE
    ARM_Ani_16bpp.c                          0x00000000   Number         0  arm_ani_16bpp.o ABSOLUTE
    Bg_16bpp_b.c                             0x00000000   Number         0  bg_16bpp_b.o ABSOLUTE
    Bg_16bpp_l.c                             0x00000000   Number         0  bg_16bpp_l.o ABSOLUTE
    Bg_16bpp_r.c                             0x00000000   Number         0  bg_16bpp_r.o ABSOLUTE
    Bg_16bpp_t.c                             0x00000000   Number         0  bg_16bpp_t.o ABSOLUTE
    GLCD_SPI_LPC1700.c                       0x00000000   Number         0  glcd_spi_lpc1700.o ABSOLUTE
    IRQ.c                                    0x00000000   Number         0  irq.o ABSOLUTE
    KBD.c                                    0x00000000   Number         0  kbd.o ABSOLUTE
    LED.c                                    0x00000000   Number         0  led.o ABSOLUTE
    S:\Desktop\Desktop 11-15-17\foreground.c 0x00000000   Number         0  foreground.o ABSOLUTE
    S:\Desktop\bird-mid.C                    0x00000000   Number         0  bird-mid.o ABSOLUTE
    S:\Desktop\bird_dead.C                   0x00000000   Number         0  bird_dead.o ABSOLUTE
    S:\Desktop\bird_down.C                   0x00000000   Number         0  bird_down.o ABSOLUTE
    S:\Desktop\bird_up.C                     0x00000000   Number         0  bird_up.o ABSOLUTE
    S:\Desktop\logo.c                        0x00000000   Number         0  logo.o ABSOLUTE
    S:\Desktop\pipe1.C                       0x00000000   Number         0  pipe1.o ABSOLUTE
    S:\Desktop\pipe2.C                       0x00000000   Number         0  pipe2.o ABSOLUTE
    S:\Desktop\pipe3.C                       0x00000000   Number         0  pipe3.o ABSOLUTE
    adcuser.c                                0x00000000   Number         0  adcuser.o ABSOLUTE
    background.c                             0x00000000   Number         0  background.o ABSOLUTE
    char.c                                   0x00000000   Number         0  char.o ABSOLUTE
    core_cm3.c                               0x00000000   Number         0  core_cm3.o ABSOLUTE
    core_cm3.c                               0x00000000   Number         0  core_cm3.o ABSOLUTE
    dc.s                                     0x00000000   Number         0  dc.o ABSOLUTE
    src\startup_LPC17xx.s                    0x00000000   Number         0  startup_lpc17xx.o ABSOLUTE
    system_LPC17xx.c                         0x00000000   Number         0  system_lpc17xx.o ABSOLUTE
    usbcore.c                                0x00000000   Number         0  usbcore.o ABSOLUTE
    usbdesc.c                                0x00000000   Number         0  usbdesc.o ABSOLUTE
    usbdmain.c                               0x00000000   Number         0  usbdmain.o ABSOLUTE
    usbhw.c                                  0x00000000   Number         0  usbhw.o ABSOLUTE
    usbuser.c                                0x00000000   Number         0  usbuser.o ABSOLUTE
    !!!main                                  0x000000cc   Section        8  __main.o(!!!main)
    !!!scatter                               0x000000d4   Section       52  __scatter.o(!!!scatter)
    !!handler_copy                           0x00000108   Section       26  __scatter_copy.o(!!handler_copy)
    !!handler_zi                             0x00000124   Section       28  __scatter_zi.o(!!handler_zi)
    .ARM.Collect$$_printf_percent$$00000000  0x00000140   Section        0  _printf_percent.o(.ARM.Collect$$_printf_percent$$00000000)
    .ARM.Collect$$_printf_percent$$00000008  0x00000140   Section        6  _printf_i.o(.ARM.Collect$$_printf_percent$$00000008)
    .ARM.Collect$$_printf_percent$$00000017  0x00000146   Section        4  _printf_percent_end.o(.ARM.Collect$$_printf_percent$$00000017)
    .ARM.Collect$$libinit$$00000000          0x0000014a   Section        2  libinit.o(.ARM.Collect$$libinit$$00000000)
    .ARM.Collect$$libinit$$00000002          0x0000014c   Section        0  libinit2.o(.ARM.Collect$$libinit$$00000002)
    .ARM.Collect$$libinit$$00000008          0x0000014c   Section        0  libinit2.o(.ARM.Collect$$libinit$$00000008)
    .ARM.Collect$$libinit$$0000000A          0x0000014c   Section        0  libinit2.o(.ARM.Collect$$libinit$$0000000A)
    .ARM.Collect$$libinit$$0000000C          0x0000014c   Section        0  libinit2.o(.ARM.Collect$$libinit$$0000000C)
    .ARM.Collect$$libinit$$0000000F          0x0000014c   Section        0  libinit2.o(.ARM.Collect$$libinit$$0000000F)
    .ARM.Collect$$libinit$$00000011          0x0000014c   Section        0  libinit2.o(.ARM.Collect$$libinit$$00000011)
    .ARM.Collect$$libinit$$00000013          0x0000014c   Section        0  libinit2.o(.ARM.Collect$$libinit$$00000013)
    .ARM.Collect$$libinit$$00000015          0x0000014c   Section        0  libinit2.o(.ARM.Collect$$libinit$$00000015)
    .ARM.Collect$$libinit$$00000017          0x0000014c   Section        0  libinit2.o(.ARM.Collect$$libinit$$00000017)
    .ARM.Collect$$libinit$$00000019          0x0000014c   Section        0  libinit2.o(.ARM.Collect$$libinit$$00000019)
    .ARM.Collect$$libinit$$0000001B          0x0000014c   Section        0  libinit2.o(.ARM.Collect$$libinit$$0000001B)
    .ARM.Collect$$libinit$$0000001D          0x0000014c   Section        0  libinit2.o(.ARM.Collect$$libinit$$0000001D)
    .ARM.Collect$$libinit$$0000001F          0x0000014c   Section        0  libinit2.o(.ARM.Collect$$libinit$$0000001F)
    .ARM.Collect$$libinit$$00000021          0x0000014c   Section        0  libinit2.o(.ARM.Collect$$libinit$$00000021)
    .ARM.Collect$$libinit$$00000023          0x0000014c   Section        0  libinit2.o(.ARM.Collect$$libinit$$00000023)
    .ARM.Collect$$libinit$$0000002A          0x0000014c   Section        0  libinit2.o(.ARM.Collect$$libinit$$0000002A)
    .ARM.Collect$$libinit$$0000002C          0x0000014c   Section        0  libinit2.o(.ARM.Collect$$libinit$$0000002C)
    .ARM.Collect$$libinit$$0000002E          0x0000014c   Section        0  libinit2.o(.ARM.Collect$$libinit$$0000002E)
    .ARM.Collect$$libinit$$00000030          0x0000014c   Section        0  libinit2.o(.ARM.Collect$$libinit$$00000030)
    .ARM.Collect$$libinit$$00000031          0x0000014c   Section        2  libinit2.o(.ARM.Collect$$libinit$$00000031)
    .ARM.Collect$$libshutdown$$00000000      0x0000014e   Section        2  libshutdown.o(.ARM.Collect$$libshutdown$$00000000)
    .ARM.Collect$$libshutdown$$00000003      0x00000150   Section        0  libshutdown2.o(.ARM.Collect$$libshutdown$$00000003)
    .ARM.Collect$$libshutdown$$00000006      0x00000150   Section        0  libshutdown2.o(.ARM.Collect$$libshutdown$$00000006)
    .ARM.Collect$$libshutdown$$00000009      0x00000150   Section        0  libshutdown2.o(.ARM.Collect$$libshutdown$$00000009)
    .ARM.Collect$$libshutdown$$0000000B      0x00000150   Section        0  libshutdown2.o(.ARM.Collect$$libshutdown$$0000000B)
    .ARM.Collect$$libshutdown$$0000000E      0x00000150   Section        0  libshutdown2.o(.ARM.Collect$$libshutdown$$0000000E)
    .ARM.Collect$$libshutdown$$0000000F      0x00000150   Section        2  libshutdown2.o(.ARM.Collect$$libshutdown$$0000000F)
    .ARM.Collect$$rtentry$$00000000          0x00000152   Section        0  rtentry.o(.ARM.Collect$$rtentry$$00000000)
    .ARM.Collect$$rtentry$$00000002          0x00000152   Section        0  rtentry2.o(.ARM.Collect$$rtentry$$00000002)
    .ARM.Collect$$rtentry$$00000004          0x00000152   Section        6  rtentry4.o(.ARM.Collect$$rtentry$$00000004)
    .ARM.Collect$$rtentry$$00000009          0x00000158   Section        0  rtentry2.o(.ARM.Collect$$rtentry$$00000009)
    .ARM.Collect$$rtentry$$0000000A          0x00000158   Section        4  rtentry2.o(.ARM.Collect$$rtentry$$0000000A)
    .ARM.Collect$$rtentry$$0000000C          0x0000015c   Section        0  rtentry2.o(.ARM.Collect$$rtentry$$0000000C)
    .ARM.Collect$$rtentry$$0000000D          0x0000015c   Section        8  rtentry2.o(.ARM.Collect$$rtentry$$0000000D)
    .ARM.Collect$$rtexit$$00000000           0x00000164   Section        2  rtexit.o(.ARM.Collect$$rtexit$$00000000)
    .ARM.Collect$$rtexit$$00000002           0x00000166   Section        0  rtexit2.o(.ARM.Collect$$rtexit$$00000002)
    .ARM.Collect$$rtexit$$00000003           0x00000166   Section        4  rtexit2.o(.ARM.Collect$$rtexit$$00000003)
    .ARM.Collect$$rtexit$$00000004           0x0000016a   Section        6  rtexit2.o(.ARM.Collect$$rtexit$$00000004)
    .text                                    0x00000170   Section        0  usbuser.o(.text)
    .text                                    0x00000250   Section       60  startup_lpc17xx.o(.text)
    .text                                    0x0000028c   Section        0  kbd.o(.text)
    .text                                    0x000002ec   Section        0  heapauxi.o(.text)
    .text                                    0x000002f2   Section        0  _sputc.o(.text)
    .ARM.__at_0x02FC                         0x000002fc   Section        4  startup_lpc17xx.o(.ARM.__at_0x02FC)
    .text                                    0x00000300   Section        0  usbcore.o(.text)
    .text                                    0x000006dc   Section        0  usbdmain.o(.text)
    NVIC_DisableIRQ                          0x00001721   Thumb Code    18  usbdmain.o(.text)
    .text                                    0x00001780   Section        0  usbhw.o(.text)
    .text                                    0x00002034   Section        0  adcuser.o(.text)
    .text                                    0x0000211c   Section        0  system_lpc17xx.o(.text)
    .text                                    0x0000257c   Section        0  adc.o(.text)
    .text                                    0x00002624   Section        0  glcd_spi_lpc1700.o(.text)
    delay                                    0x00002625   Thumb Code    14  glcd_spi_lpc1700.o(.text)
    spi_tran_man                             0x00002633   Thumb Code   124  glcd_spi_lpc1700.o(.text)
    wr_cmd                                   0x000026af   Thumb Code    36  glcd_spi_lpc1700.o(.text)
    wr_dat                                   0x000026d3   Thumb Code    36  glcd_spi_lpc1700.o(.text)
    rd_reg                                   0x000026f7   Thumb Code    66  glcd_spi_lpc1700.o(.text)
    rd_id_man                                0x00002739   Thumb Code   132  glcd_spi_lpc1700.o(.text)
    spi_tran                                 0x000031b5   Thumb Code    26  glcd_spi_lpc1700.o(.text)
    wr_dat_start                             0x000031cf   Thumb Code    16  glcd_spi_lpc1700.o(.text)
    wr_dat_stop                              0x000031df   Thumb Code     8  glcd_spi_lpc1700.o(.text)
    wr_dat_only                              0x000031e7   Thumb Code    18  glcd_spi_lpc1700.o(.text)
    wr_reg                                   0x000031f9   Thumb Code    20  glcd_spi_lpc1700.o(.text)
    .text                                    0x00003228   Section        0  irq.o(.text)
    .text                                    0x000032a4   Section        0  led.o(.text)
    .text                                    0x00003350   Section      238  lludivv7m.o(.text)
    .text                                    0x00003440   Section        0  noretval__2sprintf.o(.text)
    .text                                    0x00003468   Section        0  __printf.o(.text)
    .text                                    0x000034d0   Section        0  _printf_dec.o(.text)
    .text                                    0x00003548   Section        0  _printf_intcommon.o(.text)
    .text                                    0x00003600   Section        0  _printf_char_common.o(.text)
    _printf_input_char                       0x00003601   Thumb Code    10  _printf_char_common.o(.text)
    .text                                    0x00003630   Section       74  sys_stackheap_outer.o(.text)
    .text                                    0x0000367a   Section        0  exit.o(.text)
    .text                                    0x00003688   Section        8  libspace.o(.text)
    .text                                    0x00003690   Section        0  sys_exit.o(.text)
    .text                                    0x0000369c   Section        2  use_no_semi.o(.text)
    .text                                    0x0000369e   Section        0  indicate_semi.o(.text)
    i.USB_ReqGetDescriptor                   0x000036a0   Section        0  usbcore.o(i.USB_ReqGetDescriptor)
    i.USB_ReqGetStatus                       0x00003758   Section        0  usbcore.o(i.USB_ReqGetStatus)
    i.USB_ReqSetClrFeature                   0x00003818   Section        0  usbcore.o(i.USB_ReqSetClrFeature)
    i.USB_ReqSetConfiguration                0x00003904   Section        0  usbcore.o(i.USB_ReqSetConfiguration)
    i.USB_ReqSetInterface                    0x00003ab8   Section        0  usbcore.o(i.USB_ReqSetInterface)
    .constdata                               0x00003be8   Section       64  usbuser.o(.constdata)
    .constdata                               0x00003c28   Section      228  usbdesc.o(.constdata)
    .constdata                               0x00003d0c   Section       16  usbhw.o(.constdata)
    .constdata                               0x00003d1c   Section     6272  glcd_spi_lpc1700.o(.constdata)
    .constdata                               0x0000559c   Section       32  led.o(.constdata)
    .constdata                               0x000055bc   Section     4625  bird_dead.o(.constdata)
    .constdata                               0x000067cd   Section     4625  bird_down.o(.constdata)
    .constdata                               0x000079de   Section     4625  bird_up.o(.constdata)
    .constdata                               0x00008bef   Section     4625  bird-mid.o(.constdata)
    .constdata                               0x00009e00   Section    37441  pipe1.o(.constdata)
    .constdata                               0x00013041   Section    37441  pipe2.o(.constdata)
    .constdata                               0x0001c282   Section    37441  pipe3.o(.constdata)
    .constdata                               0x000254c3   Section    102401  foreground.o(.constdata)
    .constdata                               0x0003e4c4   Section    116401  logo.o(.constdata)
    .data                                    0x10000000   Section       40  usbcore.o(.data)
    .data                                    0x10000028   Section      132  usbdmain.o(.data)
    .data                                    0x100000ac   Section        8  usbhw.o(.data)
    .data                                    0x100000b4   Section        2  adcuser.o(.data)
    .data                                    0x100000b8   Section        8  system_lpc17xx.o(.data)
    .data                                    0x100000c0   Section        4  adc.o(.data)
    .data                                    0x100000c4   Section        9  glcd_spi_lpc1700.o(.data)
    Color                                    0x100000c4   Data           4  glcd_spi_lpc1700.o(.data)
    y                                        0x100000c8   Data           4  glcd_spi_lpc1700.o(.data)
    Himax                                    0x100000cc   Data           1  glcd_spi_lpc1700.o(.data)
    .data                                    0x100000d0   Section        7  irq.o(.data)
    .bss                                     0x100000d8   Section       64  usbcore.o(.bss)
    .bss                                     0x10000118   Section       30  usbdmain.o(.bss)
    .bss                                     0x10000138   Section      128  usbhw.o(.bss)
    .bss                                     0x100001b8   Section       96  libspace.o(.bss)
    HEAP                                     0x10000218   Section        0  startup_lpc17xx.o(HEAP)
    STACK                                    0x10000218   Section      512  startup_lpc17xx.o(STACK)
    Heap_Mem                                 0x10000218   Data           0  startup_lpc17xx.o(HEAP)
    Stack_Mem                                0x10000218   Data         512  startup_lpc17xx.o(STACK)
    __initial_sp                             0x10000418   Data           0  startup_lpc17xx.o(STACK)
    USB_RAM                                  0x20080000   Section      544  usbhw.o(USB_RAM)

    Global Symbols

    Symbol Name                              Value     Ov Type        Size  Object(Section)

    BuildAttributes$$THM_ISAv4$P$D$K$B$S$PE$A:L22UL41UL21$X:L11$S22US41US21$IEEE1$IW$USESV6$~STKCKD$USESV7$~SHL$OSPACE$ROPI$EBA8$UX$STANDARDLIB$REQ8$PRES8$EABIv2 0x00000000   Number         0  anon$$obj.o ABSOLUTE
    __ARM_use_no_argv                        0x00000000   Number         0  usbdmain.o ABSOLUTE
    __Vectors                                0x00000000   Data           4  startup_lpc17xx.o(RESET)
    __ARM_exceptions_init                     - Undefined Weak Reference
    __alloca_initialize                       - Undefined Weak Reference
    __cpp_initialize__aeabi_                  - Undefined Weak Reference
    __cxa_finalize                            - Undefined Weak Reference
    __rt_locale                               - Undefined Weak Reference
    __sigvec_lookup                           - Undefined Weak Reference
    _atexit_init                              - Undefined Weak Reference
    _call_atexit_fns                          - Undefined Weak Reference
    _clock_init                               - Undefined Weak Reference
    _fp_trap_init                             - Undefined Weak Reference
    _fp_trap_shutdown                         - Undefined Weak Reference
    _get_lc_collate                           - Undefined Weak Reference
    _get_lc_ctype                             - Undefined Weak Reference
    _get_lc_monetary                          - Undefined Weak Reference
    _get_lc_numeric                           - Undefined Weak Reference
    _get_lc_time                              - Undefined Weak Reference
    _getenv_init                              - Undefined Weak Reference
    _handle_redirection                       - Undefined Weak Reference
    _init_alloc                               - Undefined Weak Reference
    _init_user_alloc                          - Undefined Weak Reference
    _initio                                   - Undefined Weak Reference
    _printf_post_padding                      - Undefined Weak Reference
    _printf_pre_padding                       - Undefined Weak Reference
    _printf_truncate_signed                   - Undefined Weak Reference
    _printf_truncate_unsigned                 - Undefined Weak Reference
    _rand_init                                - Undefined Weak Reference
    _signal_finish                            - Undefined Weak Reference
    _signal_init                              - Undefined Weak Reference
    _terminate_alloc                          - Undefined Weak Reference
    _terminate_user_alloc                     - Undefined Weak Reference
    _terminateio                              - Undefined Weak Reference
    __main                                   0x000000cd   Thumb Code     8  __main.o(!!!main)
    __scatterload                            0x000000d5   Thumb Code     0  __scatter.o(!!!scatter)
    __scatterload_rt2                        0x000000d5   Thumb Code    44  __scatter.o(!!!scatter)
    __scatterload_rt2_thumb_only             0x000000d5   Thumb Code     0  __scatter.o(!!!scatter)
    __scatterload_null                       0x000000e3   Thumb Code     0  __scatter.o(!!!scatter)
    __scatterload_copy                       0x00000109   Thumb Code    26  __scatter_copy.o(!!handler_copy)
    __scatterload_zeroinit                   0x00000125   Thumb Code    28  __scatter_zi.o(!!handler_zi)
    _printf_i                                0x00000141   Thumb Code     0  _printf_i.o(.ARM.Collect$$_printf_percent$$00000008)
    _printf_percent                          0x00000141   Thumb Code     0  _printf_percent.o(.ARM.Collect$$_printf_percent$$00000000)
    _printf_percent_end                      0x00000147   Thumb Code     0  _printf_percent_end.o(.ARM.Collect$$_printf_percent$$00000017)
    __rt_lib_init                            0x0000014b   Thumb Code     0  libinit.o(.ARM.Collect$$libinit$$00000000)
    __rt_lib_init_alloca_1                   0x0000014d   Thumb Code     0  libinit2.o(.ARM.Collect$$libinit$$0000002C)
    __rt_lib_init_argv_1                     0x0000014d   Thumb Code     0  libinit2.o(.ARM.Collect$$libinit$$0000002A)
    __rt_lib_init_atexit_1                   0x0000014d   Thumb Code     0  libinit2.o(.ARM.Collect$$libinit$$00000019)
    __rt_lib_init_clock_1                    0x0000014d   Thumb Code     0  libinit2.o(.ARM.Collect$$libinit$$0000001F)
    __rt_lib_init_cpp_1                      0x0000014d   Thumb Code     0  libinit2.o(.ARM.Collect$$libinit$$00000030)
    __rt_lib_init_exceptions_1               0x0000014d   Thumb Code     0  libinit2.o(.ARM.Collect$$libinit$$0000002E)
    __rt_lib_init_fp_1                       0x0000014d   Thumb Code     0  libinit2.o(.ARM.Collect$$libinit$$00000002)
    __rt_lib_init_fp_trap_1                  0x0000014d   Thumb Code     0  libinit2.o(.ARM.Collect$$libinit$$0000001D)
    __rt_lib_init_getenv_1                   0x0000014d   Thumb Code     0  libinit2.o(.ARM.Collect$$libinit$$00000021)
    __rt_lib_init_heap_1                     0x0000014d   Thumb Code     0  libinit2.o(.ARM.Collect$$libinit$$00000008)
    __rt_lib_init_lc_collate_1               0x0000014d   Thumb Code     0  libinit2.o(.ARM.Collect$$libinit$$0000000F)
    __rt_lib_init_lc_ctype_1                 0x0000014d   Thumb Code     0  libinit2.o(.ARM.Collect$$libinit$$00000011)
    __rt_lib_init_lc_monetary_1              0x0000014d   Thumb Code     0  libinit2.o(.ARM.Collect$$libinit$$00000013)
    __rt_lib_init_lc_numeric_1               0x0000014d   Thumb Code     0  libinit2.o(.ARM.Collect$$libinit$$00000015)
    __rt_lib_init_lc_time_1                  0x0000014d   Thumb Code     0  libinit2.o(.ARM.Collect$$libinit$$00000017)
    __rt_lib_init_rand_1                     0x0000014d   Thumb Code     0  libinit2.o(.ARM.Collect$$libinit$$0000000C)
    __rt_lib_init_return                     0x0000014d   Thumb Code     0  libinit2.o(.ARM.Collect$$libinit$$00000031)
    __rt_lib_init_signal_1                   0x0000014d   Thumb Code     0  libinit2.o(.ARM.Collect$$libinit$$0000001B)
    __rt_lib_init_stdio_1                    0x0000014d   Thumb Code     0  libinit2.o(.ARM.Collect$$libinit$$00000023)
    __rt_lib_init_user_alloc_1               0x0000014d   Thumb Code     0  libinit2.o(.ARM.Collect$$libinit$$0000000A)
    __rt_lib_shutdown                        0x0000014f   Thumb Code     0  libshutdown.o(.ARM.Collect$$libshutdown$$00000000)
    __rt_lib_shutdown_fp_trap_1              0x00000151   Thumb Code     0  libshutdown2.o(.ARM.Collect$$libshutdown$$00000006)
    __rt_lib_shutdown_heap_1                 0x00000151   Thumb Code     0  libshutdown2.o(.ARM.Collect$$libshutdown$$0000000E)
    __rt_lib_shutdown_return                 0x00000151   Thumb Code     0  libshutdown2.o(.ARM.Collect$$libshutdown$$0000000F)
    __rt_lib_shutdown_signal_1               0x00000151   Thumb Code     0  libshutdown2.o(.ARM.Collect$$libshutdown$$00000009)
    __rt_lib_shutdown_stdio_1                0x00000151   Thumb Code     0  libshutdown2.o(.ARM.Collect$$libshutdown$$00000003)
    __rt_lib_shutdown_user_alloc_1           0x00000151   Thumb Code     0  libshutdown2.o(.ARM.Collect$$libshutdown$$0000000B)
    __rt_entry                               0x00000153   Thumb Code     0  rtentry.o(.ARM.Collect$$rtentry$$00000000)
    __rt_entry_presh_1                       0x00000153   Thumb Code     0  rtentry2.o(.ARM.Collect$$rtentry$$00000002)
    __rt_entry_sh                            0x00000153   Thumb Code     0  rtentry4.o(.ARM.Collect$$rtentry$$00000004)
    __rt_entry_li                            0x00000159   Thumb Code     0  rtentry2.o(.ARM.Collect$$rtentry$$0000000A)
    __rt_entry_postsh_1                      0x00000159   Thumb Code     0  rtentry2.o(.ARM.Collect$$rtentry$$00000009)
    __rt_entry_main                          0x0000015d   Thumb Code     0  rtentry2.o(.ARM.Collect$$rtentry$$0000000D)
    __rt_entry_postli_1                      0x0000015d   Thumb Code     0  rtentry2.o(.ARM.Collect$$rtentry$$0000000C)
    __rt_exit                                0x00000165   Thumb Code     0  rtexit.o(.ARM.Collect$$rtexit$$00000000)
    __rt_exit_ls                             0x00000167   Thumb Code     0  rtexit2.o(.ARM.Collect$$rtexit$$00000003)
    __rt_exit_prels_1                        0x00000167   Thumb Code     0  rtexit2.o(.ARM.Collect$$rtexit$$00000002)
    __rt_exit_exit                           0x0000016b   Thumb Code     0  rtexit2.o(.ARM.Collect$$rtexit$$00000004)
    USB_Reset_Event                          0x00000171   Thumb Code     8  usbuser.o(.text)
    USB_SOF_Event                            0x00000179   Thumb Code     2  usbuser.o(.text)
    USB_EndPoint1                            0x0000017b   Thumb Code     2  usbuser.o(.text)
    USB_EndPoint2                            0x0000017d   Thumb Code     2  usbuser.o(.text)
    USB_EndPoint3                            0x0000017f   Thumb Code   164  usbuser.o(.text)
    USB_EndPoint4                            0x00000223   Thumb Code     2  usbuser.o(.text)
    USB_EndPoint5                            0x00000225   Thumb Code     2  usbuser.o(.text)
    USB_EndPoint6                            0x00000227   Thumb Code     2  usbuser.o(.text)
    USB_EndPoint7                            0x00000229   Thumb Code     2  usbuser.o(.text)
    USB_EndPoint8                            0x0000022b   Thumb Code     2  usbuser.o(.text)
    USB_EndPoint9                            0x0000022d   Thumb Code     2  usbuser.o(.text)
    USB_EndPoint10                           0x0000022f   Thumb Code     2  usbuser.o(.text)
    USB_EndPoint11                           0x00000231   Thumb Code     2  usbuser.o(.text)
    USB_EndPoint12                           0x00000233   Thumb Code     2  usbuser.o(.text)
    USB_EndPoint13                           0x00000235   Thumb Code     2  usbuser.o(.text)
    USB_EndPoint14                           0x00000237   Thumb Code     2  usbuser.o(.text)
    USB_EndPoint15                           0x00000239   Thumb Code     2  usbuser.o(.text)
    Reset_Handler                            0x00000251   Thumb Code     8  startup_lpc17xx.o(.text)
    NMI_Handler                              0x00000259   Thumb Code     2  startup_lpc17xx.o(.text)
    HardFault_Handler                        0x0000025b   Thumb Code     2  startup_lpc17xx.o(.text)
    MemManage_Handler                        0x0000025d   Thumb Code     2  startup_lpc17xx.o(.text)
    BusFault_Handler                         0x0000025f   Thumb Code     2  startup_lpc17xx.o(.text)
    UsageFault_Handler                       0x00000261   Thumb Code     2  startup_lpc17xx.o(.text)
    SVC_Handler                              0x00000263   Thumb Code     2  startup_lpc17xx.o(.text)
    DebugMon_Handler                         0x00000265   Thumb Code     2  startup_lpc17xx.o(.text)
    PendSV_Handler                           0x00000267   Thumb Code     2  startup_lpc17xx.o(.text)
    ADC_IRQHandler                           0x0000026b   Thumb Code     0  startup_lpc17xx.o(.text)
    BOD_IRQHandler                           0x0000026b   Thumb Code     0  startup_lpc17xx.o(.text)
    CANActivity_IRQHandler                   0x0000026b   Thumb Code     0  startup_lpc17xx.o(.text)
    CAN_IRQHandler                           0x0000026b   Thumb Code     0  startup_lpc17xx.o(.text)
    DMA_IRQHandler                           0x0000026b   Thumb Code     0  startup_lpc17xx.o(.text)
    EINT0_IRQHandler                         0x0000026b   Thumb Code     0  startup_lpc17xx.o(.text)
    EINT1_IRQHandler                         0x0000026b   Thumb Code     0  startup_lpc17xx.o(.text)
    EINT2_IRQHandler                         0x0000026b   Thumb Code     0  startup_lpc17xx.o(.text)
    EINT3_IRQHandler                         0x0000026b   Thumb Code     0  startup_lpc17xx.o(.text)
    ENET_IRQHandler                          0x0000026b   Thumb Code     0  startup_lpc17xx.o(.text)
    I2C0_IRQHandler                          0x0000026b   Thumb Code     0  startup_lpc17xx.o(.text)
    I2C1_IRQHandler                          0x0000026b   Thumb Code     0  startup_lpc17xx.o(.text)
    I2C2_IRQHandler                          0x0000026b   Thumb Code     0  startup_lpc17xx.o(.text)
    I2S_IRQHandler                           0x0000026b   Thumb Code     0  startup_lpc17xx.o(.text)
    MCPWM_IRQHandler                         0x0000026b   Thumb Code     0  startup_lpc17xx.o(.text)
    PLL0_IRQHandler                          0x0000026b   Thumb Code     0  startup_lpc17xx.o(.text)
    PLL1_IRQHandler                          0x0000026b   Thumb Code     0  startup_lpc17xx.o(.text)
    PWM1_IRQHandler                          0x0000026b   Thumb Code     0  startup_lpc17xx.o(.text)
    QEI_IRQHandler                           0x0000026b   Thumb Code     0  startup_lpc17xx.o(.text)
    RIT_IRQHandler                           0x0000026b   Thumb Code     0  startup_lpc17xx.o(.text)
    RTC_IRQHandler                           0x0000026b   Thumb Code     0  startup_lpc17xx.o(.text)
    SPI_IRQHandler                           0x0000026b   Thumb Code     0  startup_lpc17xx.o(.text)
    SSP0_IRQHandler                          0x0000026b   Thumb Code     0  startup_lpc17xx.o(.text)
    SSP1_IRQHandler                          0x0000026b   Thumb Code     0  startup_lpc17xx.o(.text)
    TIMER1_IRQHandler                        0x0000026b   Thumb Code     0  startup_lpc17xx.o(.text)
    TIMER2_IRQHandler                        0x0000026b   Thumb Code     0  startup_lpc17xx.o(.text)
    TIMER3_IRQHandler                        0x0000026b   Thumb Code     0  startup_lpc17xx.o(.text)
    UART0_IRQHandler                         0x0000026b   Thumb Code     0  startup_lpc17xx.o(.text)
    UART1_IRQHandler                         0x0000026b   Thumb Code     0  startup_lpc17xx.o(.text)
    UART2_IRQHandler                         0x0000026b   Thumb Code     0  startup_lpc17xx.o(.text)
    UART3_IRQHandler                         0x0000026b   Thumb Code     0  startup_lpc17xx.o(.text)
    USBActivity_IRQHandler                   0x0000026b   Thumb Code     0  startup_lpc17xx.o(.text)
    WDT_IRQHandler                           0x0000026b   Thumb Code     0  startup_lpc17xx.o(.text)
    __user_initial_stackheap                 0x0000026d   Thumb Code     0  startup_lpc17xx.o(.text)
    KBD_Init                                 0x0000028d   Thumb Code    42  kbd.o(.text)
    KBD_get                                  0x000002b7   Thumb Code    12  kbd.o(.text)
    get_button                               0x000002c3   Thumb Code    20  kbd.o(.text)
    __use_two_region_memory                  0x000002ed   Thumb Code     2  heapauxi.o(.text)
    __rt_heap_escrow$2region                 0x000002ef   Thumb Code     2  heapauxi.o(.text)
    __rt_heap_expand$2region                 0x000002f1   Thumb Code     2  heapauxi.o(.text)
    _sputc                                   0x000002f3   Thumb Code    10  _sputc.o(.text)
    USB_ResetCore                            0x00000301   Thumb Code    34  usbcore.o(.text)
    USB_SetupStage                           0x00000323   Thumb Code    12  usbcore.o(.text)
    USB_DataInStage                          0x0000032f   Thumb Code    52  usbcore.o(.text)
    USB_DataOutStage                         0x00000363   Thumb Code    34  usbcore.o(.text)
    USB_StatusInStage                        0x00000385   Thumb Code    14  usbcore.o(.text)
    USB_StatusOutStage                       0x00000393   Thumb Code    12  usbcore.o(.text)
    USB_EndPoint0                            0x0000039f   Thumb Code   784  usbcore.o(.text)
    fputc                                    0x000006dd   Thumb Code    30  usbdmain.o(.text)
    get_potval                               0x000006fb   Thumb Code    54  usbdmain.o(.text)
    TIMER0_IRQHandler                        0x00000731   Thumb Code   278  usbdmain.o(.text)
    main                                     0x00000847   Thumb Code  3802  usbdmain.o(.text)
    EPAdr                                    0x00001781   Thumb Code    16  usbhw.o(.text)
    WrCmd                                    0x00001791   Thumb Code    26  usbhw.o(.text)
    WrCmdDat                                 0x000017ab   Thumb Code    50  usbhw.o(.text)
    WrCmdEP                                  0x000017dd   Thumb Code    70  usbhw.o(.text)
    RdCmdDat                                 0x00001823   Thumb Code    32  usbhw.o(.text)
    USB_SetAddress                           0x00001843   Thumb Code    42  usbhw.o(.text)
    USB_Reset                                0x0000186d   Thumb Code   170  usbhw.o(.text)
    USB_Init                                 0x00001917   Thumb Code   138  usbhw.o(.text)
    USB_Connect                              0x000019a1   Thumb Code    28  usbhw.o(.text)
    USB_Suspend                              0x000019bd   Thumb Code     2  usbhw.o(.text)
    USB_Resume                               0x000019bf   Thumb Code     2  usbhw.o(.text)
    USB_WakeUp                               0x000019c1   Thumb Code    22  usbhw.o(.text)
    USB_WakeUpCfg                            0x000019d7   Thumb Code     2  usbhw.o(.text)
    USB_Configure                            0x000019d9   Thumb Code    54  usbhw.o(.text)
    USB_ConfigEP                             0x00001a0f   Thumb Code    66  usbhw.o(.text)
    USB_DirCtrlEP                            0x00001a51   Thumb Code     2  usbhw.o(.text)
    USB_EnableEP                             0x00001a53   Thumb Code    26  usbhw.o(.text)
    USB_DisableEP                            0x00001a6d   Thumb Code    26  usbhw.o(.text)
    USB_ResetEP                              0x00001a87   Thumb Code    26  usbhw.o(.text)
    USB_SetStallEP                           0x00001aa1   Thumb Code    26  usbhw.o(.text)
    USB_ClrStallEP                           0x00001abb   Thumb Code    26  usbhw.o(.text)
    USB_ClearEPBuf                           0x00001ad5   Thumb Code    14  usbhw.o(.text)
    USB_ReadEP                               0x00001ae3   Thumb Code    92  usbhw.o(.text)
    USB_WriteEP                              0x00001b3f   Thumb Code   226  usbhw.o(.text)
    USB_DMA_Setup                            0x00001c21   Thumb Code   248  usbhw.o(.text)
    USB_DMA_Enable                           0x00001d19   Thumb Code    20  usbhw.o(.text)
    USB_DMA_Disable                          0x00001d2d   Thumb Code    20  usbhw.o(.text)
    USB_DMA_Status                           0x00001d41   Thumb Code    76  usbhw.o(.text)
    USB_DMA_BufAdr                           0x00001d8d   Thumb Code    30  usbhw.o(.text)
    USB_DMA_BufCnt                           0x00001dab   Thumb Code    30  usbhw.o(.text)
    USB_GetFrame                             0x00001dc9   Thumb Code    30  usbhw.o(.text)
    USB_IRQHandler                           0x00001de7   Thumb Code   494  usbhw.o(.text)
    ADC_IF_GetRequest                        0x00002035   Thumb Code   128  adcuser.o(.text)
    ADC_IF_SetRequest                        0x000020b5   Thumb Code    80  adcuser.o(.text)
    ADC_EP_GetRequest                        0x00002105   Thumb Code     4  adcuser.o(.text)
    ADC_EP_SetRequest                        0x00002109   Thumb Code     4  adcuser.o(.text)
    SystemCoreClockUpdate                    0x0000211d   Thumb Code   424  system_lpc17xx.o(.text)
    SystemInit                               0x000022c5   Thumb Code   290  system_lpc17xx.o(.text)
    SystemClockUpdate                        0x000023e7   Thumb Code   398  system_lpc17xx.o(.text)
    ADC_Init                                 0x0000257d   Thumb Code    64  adc.o(.text)
    ADC_StartCnv                             0x000025bd   Thumb Code    24  adc.o(.text)
    ADC_StopCnv                              0x000025d5   Thumb Code    14  adc.o(.text)
    ADC_GetCnv                               0x000025e3   Thumb Code    36  adc.o(.text)
    GLCD_Init                                0x000027bd   Thumb Code  1514  glcd_spi_lpc1700.o(.text)
    GLCD_SetWindow                           0x00002da7   Thumb Code   168  glcd_spi_lpc1700.o(.text)
    GLCD_WindowMax                           0x00002e4f   Thumb Code    26  glcd_spi_lpc1700.o(.text)
    GLCD_PutPixel                            0x00002e69   Thumb Code   118  glcd_spi_lpc1700.o(.text)
    GLCD_SetTextColor                        0x00002edf   Thumb Code     6  glcd_spi_lpc1700.o(.text)
    GLCD_SetBackColor                        0x00002ee5   Thumb Code     6  glcd_spi_lpc1700.o(.text)
    GLCD_Clear                               0x00002eeb   Thumb Code    42  glcd_spi_lpc1700.o(.text)
    GLCD_DrawChar                            0x00002f15   Thumb Code   150  glcd_spi_lpc1700.o(.text)
    GLCD_DisplayChar                         0x00002fab   Thumb Code    84  glcd_spi_lpc1700.o(.text)
    GLCD_DisplayString                       0x00002fff   Thumb Code    40  glcd_spi_lpc1700.o(.text)
    GLCD_ClearLn                             0x00003027   Thumb Code    94  glcd_spi_lpc1700.o(.text)
    GLCD_Bargraph                            0x00003085   Thumb Code    98  glcd_spi_lpc1700.o(.text)
    GLCD_Bitmap                              0x000030e7   Thumb Code    82  glcd_spi_lpc1700.o(.text)
    GLCD_ScrollVertical                      0x00003139   Thumb Code    96  glcd_spi_lpc1700.o(.text)
    GLCD_WrCmd                               0x00003199   Thumb Code    12  glcd_spi_lpc1700.o(.text)
    GLCD_WrReg                               0x000031a5   Thumb Code    16  glcd_spi_lpc1700.o(.text)
    SysTick_Handler                          0x00003229   Thumb Code   108  irq.o(.text)
    LED_Init                                 0x000032a5   Thumb Code    38  led.o(.text)
    LED_On                                   0x000032cb   Thumb Code    40  led.o(.text)
    LED_Off                                  0x000032f3   Thumb Code    40  led.o(.text)
    LED_Out                                  0x0000331b   Thumb Code    38  led.o(.text)
    __aeabi_uldivmod                         0x00003351   Thumb Code     0  lludivv7m.o(.text)
    _ll_udiv                                 0x00003351   Thumb Code   238  lludivv7m.o(.text)
    __2sprintf                               0x00003441   Thumb Code    34  noretval__2sprintf.o(.text)
    __printf                                 0x00003469   Thumb Code   104  __printf.o(.text)
    _printf_int_dec                          0x000034d1   Thumb Code   102  _printf_dec.o(.text)
    _printf_int_common                       0x00003549   Thumb Code   184  _printf_intcommon.o(.text)
    _printf_char_common                      0x0000360b   Thumb Code    32  _printf_char_common.o(.text)
    __user_setup_stackheap                   0x00003631   Thumb Code    74  sys_stackheap_outer.o(.text)
    exit                                     0x0000367b   Thumb Code    12  exit.o(.text)
    __user_libspace                          0x00003689   Thumb Code     8  libspace.o(.text)
    __user_perproc_libspace                  0x00003689   Thumb Code     0  libspace.o(.text)
    __user_perthread_libspace                0x00003689   Thumb Code     0  libspace.o(.text)
    _sys_exit                                0x00003691   Thumb Code     8  sys_exit.o(.text)
    __I$use$semihosting                      0x0000369d   Thumb Code     0  use_no_semi.o(.text)
    __use_no_semihosting_swi                 0x0000369d   Thumb Code     2  use_no_semi.o(.text)
    __semihosting_library_function           0x0000369f   Thumb Code     0  indicate_semi.o(.text)
    USB_ReqGetDescriptor                     0x000036a1   Thumb Code   164  usbcore.o(i.USB_ReqGetDescriptor)
    USB_ReqGetStatus                         0x00003759   Thumb Code   160  usbcore.o(i.USB_ReqGetStatus)
    USB_ReqSetClrFeature                     0x00003819   Thumb Code   210  usbcore.o(i.USB_ReqSetClrFeature)
    USB_ReqSetConfiguration                  0x00003905   Thumb Code   400  usbcore.o(i.USB_ReqSetConfiguration)
    USB_ReqSetInterface                      0x00003ab9   Thumb Code   278  usbcore.o(i.USB_ReqSetInterface)
    USB_P_EP                                 0x00003be8   Data          64  usbuser.o(.constdata)
    USB_DeviceDescriptor                     0x00003c28   Data          18  usbdesc.o(.constdata)
    USB_ConfigDescriptor                     0x00003c3a   Data         110  usbdesc.o(.constdata)
    USB_StringDescriptor                     0x00003ca8   Data         100  usbdesc.o(.constdata)
    DDAdr                                    0x00003d0c   Data           8  usbhw.o(.constdata)
    DDSz                                     0x00003d14   Data           8  usbhw.o(.constdata)
    Font_6x8_h                               0x00003d1c   Data         896  glcd_spi_lpc1700.o(.constdata)
    Font_16x24_h                             0x0000409c   Data        5376  glcd_spi_lpc1700.o(.constdata)
    led_mask                                 0x0000559c   Data          32  led.o(.constdata)
    bird_dead                                0x000055bc   Data        4625  bird_dead.o(.constdata)
    bird_down                                0x000067cd   Data        4625  bird_down.o(.constdata)
    bird_up                                  0x000079de   Data        4625  bird_up.o(.constdata)
    bird_mid                                 0x00008bef   Data        4625  bird-mid.o(.constdata)
    pipe1                                    0x00009e00   Data       37441  pipe1.o(.constdata)
    pipe2                                    0x00013041   Data       37441  pipe2.o(.constdata)
    pipe3                                    0x0001c282   Data       37441  pipe3.o(.constdata)
    foreground                               0x000254c3   Data       102401  foreground.o(.constdata)
    logo                                     0x0003e4c4   Data       116401  logo.o(.constdata)
    Region$$Table$$Base                      0x0005ab78   Number         0  anon$$obj.o(Region$$Table)
    Region$$Table$$Limit                     0x0005aba8   Number         0  anon$$obj.o(Region$$Table)
    USB_DeviceStatus                         0x10000000   Data           2  usbcore.o(.data)
    USB_DeviceAddress                        0x10000002   Data           1  usbcore.o(.data)
    USB_Configuration                        0x10000003   Data           1  usbcore.o(.data)
    USB_EndPointMask                         0x10000004   Data           4  usbcore.o(.data)
    USB_EndPointHalt                         0x10000008   Data           4  usbcore.o(.data)
    USB_EndPointStall                        0x1000000c   Data           4  usbcore.o(.data)
    USB_NumInterfaces                        0x10000010   Data           1  usbcore.o(.data)
    USB_AltSetting                           0x10000011   Data           4  usbcore.o(.data)
    EP0Data                                  0x10000018   Data           8  usbcore.o(.data)
    SetupPacket                              0x10000020   Data           8  usbcore.o(.data)
    pointerLocation                          0x10000028   Data           4  usbdmain.o(.data)
    gameCharX                                0x1000002c   Data           4  usbdmain.o(.data)
    gameCharY                                0x10000030   Data           4  usbdmain.o(.data)
    pipeX                                    0x10000034   Data           4  usbdmain.o(.data)
    pipeY                                    0x10000038   Data           4  usbdmain.o(.data)
    pipeX2                                   0x1000003c   Data           4  usbdmain.o(.data)
    pipeY2                                   0x10000040   Data           4  usbdmain.o(.data)
    menuSelected                             0x10000044   Data           4  usbdmain.o(.data)
    photoGallerySelected                     0x10000048   Data           4  usbdmain.o(.data)
    mp3PlayerSelected                        0x1000004c   Data           4  usbdmain.o(.data)
    gameSelected                             0x10000050   Data           4  usbdmain.o(.data)
    justOpened                               0x10000054   Data           4  usbdmain.o(.data)
    currentPic                               0x10000058   Data           4  usbdmain.o(.data)
    lastPic                                  0x1000005c   Data           4  usbdmain.o(.data)
    moveUp                                   0x10000060   Data           4  usbdmain.o(.data)
    counter                                  0x10000064   Data           4  usbdmain.o(.data)
    buttonPressed                            0x10000068   Data           4  usbdmain.o(.data)
    dead                                     0x1000006c   Data           4  usbdmain.o(.data)
    play                                     0x10000070   Data           4  usbdmain.o(.data)
    activePipe                               0x10000074   Data           4  usbdmain.o(.data)
    activePipe2                              0x10000078   Data           4  usbdmain.o(.data)
    gameover                                 0x1000007c   Data           4  usbdmain.o(.data)
    score                                    0x10000080   Data           4  usbdmain.o(.data)
    InfoBuf                                  0x10000084   Data           4  usbdmain.o(.data)
    DataBuf                                  0x10000088   Data           4  usbdmain.o(.data)
    __stdout                                 0x1000008c   Data           4  usbdmain.o(.data)
    __stdin                                  0x10000090   Data           4  usbdmain.o(.data)
    Mute                                     0x10000094   Data           1  usbdmain.o(.data)
    Volume                                   0x10000098   Data           4  usbdmain.o(.data)
    DataOut                                  0x1000009c   Data           2  usbdmain.o(.data)
    DataIn                                   0x1000009e   Data           2  usbdmain.o(.data)
    DataRun                                  0x100000a0   Data           1  usbdmain.o(.data)
    PotVal                                   0x100000a2   Data           2  usbdmain.o(.data)
    VUM                                      0x100000a4   Data           4  usbdmain.o(.data)
    Tick                                     0x100000a8   Data           4  usbdmain.o(.data)
    DDMemMap                                 0x100000ac   Data           8  usbhw.o(.data)
    VolCur                                   0x100000b4   Data           2  adcuser.o(.data)
    SystemCoreClock                          0x100000b8   Data           4  system_lpc17xx.o(.data)
    SystemFrequency                          0x100000bc   Data           4  system_lpc17xx.o(.data)
    AD_done                                  0x100000c0   Data           1  adc.o(.data)
    AD_last                                  0x100000c2   Data           2  adc.o(.data)
    ticks                                    0x100000d0   Data           4  irq.o(.data)
    ClockLEDOn                               0x100000d4   Data           1  irq.o(.data)
    ClockLEDOff                              0x100000d5   Data           1  irq.o(.data)
    ClockANI                                 0x100000d6   Data           1  irq.o(.data)
    EP0Buf                                   0x100000d8   Data          64  usbcore.o(.bss)
    keycode                                  0x10000118   Data          10  usbdmain.o(.bss)
    direction                                0x10000122   Data          10  usbdmain.o(.bss)
    scoreText                                0x1000012c   Data          10  usbdmain.o(.bss)
    udca                                     0x10000138   Data         128  usbhw.o(.bss)
    __libspace_start                         0x100001b8   Data          96  libspace.o(.bss)
    __temporary_stack_top$libspace           0x10000218   Data           0  libspace.o(.bss)
    UDCA                                     0x20080000   Data         128  usbhw.o(USB_RAM)
    DD_NISO_Mem                              0x20080080   Data         256  usbhw.o(USB_RAM)
    DD_ISO_Mem                               0x20080180   Data         160  usbhw.o(USB_RAM)



==============================================================================

Memory Map of the image

  Image Entry point : 0x000000cd

  Load Region LR_IROM1 (Base: 0x00000000, Size: 0x0005ac80, Max: 0x00080000, ABSOLUTE)

    Execution Region ER_IROM1 (Base: 0x00000000, Size: 0x0005aba8, Max: 0xffffffff, ABSOLUTE)

    Base Addr    Size         Type   Attr      Idx    E Section Name        Object

    0x00000000   0x000000cc   Data   RO          258    RESET               startup_lpc17xx.o
    0x000000cc   0x00000008   Code   RO          533  * !!!main             c_w.l(__main.o)
    0x000000d4   0x00000034   Code   RO          706    !!!scatter          c_w.l(__scatter.o)
    0x00000108   0x0000001a   Code   RO          708    !!handler_copy      c_w.l(__scatter_copy.o)
    0x00000122   0x00000002   PAD
    0x00000124   0x0000001c   Code   RO          710    !!handler_zi        c_w.l(__scatter_zi.o)
    0x00000140   0x00000000   Code   RO          530    .ARM.Collect$$_printf_percent$$00000000  c_w.l(_printf_percent.o)
    0x00000140   0x00000006   Code   RO          529    .ARM.Collect$$_printf_percent$$00000008  c_w.l(_printf_i.o)
    0x00000146   0x00000004   Code   RO          546    .ARM.Collect$$_printf_percent$$00000017  c_w.l(_printf_percent_end.o)
    0x0000014a   0x00000002   Code   RO          579    .ARM.Collect$$libinit$$00000000  c_w.l(libinit.o)
    0x0000014c   0x00000000   Code   RO          592    .ARM.Collect$$libinit$$00000002  c_w.l(libinit2.o)
    0x0000014c   0x00000000   Code   RO          595    .ARM.Collect$$libinit$$00000008  c_w.l(libinit2.o)
    0x0000014c   0x00000000   Code   RO          597    .ARM.Collect$$libinit$$0000000A  c_w.l(libinit2.o)
    0x0000014c   0x00000000   Code   RO          599    .ARM.Collect$$libinit$$0000000C  c_w.l(libinit2.o)
    0x0000014c   0x00000000   Code   RO          602    .ARM.Collect$$libinit$$0000000F  c_w.l(libinit2.o)
    0x0000014c   0x00000000   Code   RO          604    .ARM.Collect$$libinit$$00000011  c_w.l(libinit2.o)
    0x0000014c   0x00000000   Code   RO          606    .ARM.Collect$$libinit$$00000013  c_w.l(libinit2.o)
    0x0000014c   0x00000000   Code   RO          608    .ARM.Collect$$libinit$$00000015  c_w.l(libinit2.o)
    0x0000014c   0x00000000   Code   RO          610    .ARM.Collect$$libinit$$00000017  c_w.l(libinit2.o)
    0x0000014c   0x00000000   Code   RO          612    .ARM.Collect$$libinit$$00000019  c_w.l(libinit2.o)
    0x0000014c   0x00000000   Code   RO          614    .ARM.Collect$$libinit$$0000001B  c_w.l(libinit2.o)
    0x0000014c   0x00000000   Code   RO          616    .ARM.Collect$$libinit$$0000001D  c_w.l(libinit2.o)
    0x0000014c   0x00000000   Code   RO          618    .ARM.Collect$$libinit$$0000001F  c_w.l(libinit2.o)
    0x0000014c   0x00000000   Code   RO          620    .ARM.Collect$$libinit$$00000021  c_w.l(libinit2.o)
    0x0000014c   0x00000000   Code   RO          622    .ARM.Collect$$libinit$$00000023  c_w.l(libinit2.o)
    0x0000014c   0x00000000   Code   RO          626    .ARM.Collect$$libinit$$0000002A  c_w.l(libinit2.o)
    0x0000014c   0x00000000   Code   RO          628    .ARM.Collect$$libinit$$0000002C  c_w.l(libinit2.o)
    0x0000014c   0x00000000   Code   RO          630    .ARM.Collect$$libinit$$0000002E  c_w.l(libinit2.o)
    0x0000014c   0x00000000   Code   RO          632    .ARM.Collect$$libinit$$00000030  c_w.l(libinit2.o)
    0x0000014c   0x00000002   Code   RO          633    .ARM.Collect$$libinit$$00000031  c_w.l(libinit2.o)
    0x0000014e   0x00000002   Code   RO          664    .ARM.Collect$$libshutdown$$00000000  c_w.l(libshutdown.o)
    0x00000150   0x00000000   Code   RO          691    .ARM.Collect$$libshutdown$$00000003  c_w.l(libshutdown2.o)
    0x00000150   0x00000000   Code   RO          694    .ARM.Collect$$libshutdown$$00000006  c_w.l(libshutdown2.o)
    0x00000150   0x00000000   Code   RO          697    .ARM.Collect$$libshutdown$$00000009  c_w.l(libshutdown2.o)
    0x00000150   0x00000000   Code   RO          699    .ARM.Collect$$libshutdown$$0000000B  c_w.l(libshutdown2.o)
    0x00000150   0x00000000   Code   RO          702    .ARM.Collect$$libshutdown$$0000000E  c_w.l(libshutdown2.o)
    0x00000150   0x00000002   Code   RO          703    .ARM.Collect$$libshutdown$$0000000F  c_w.l(libshutdown2.o)
    0x00000152   0x00000000   Code   RO          535    .ARM.Collect$$rtentry$$00000000  c_w.l(rtentry.o)
    0x00000152   0x00000000   Code   RO          548    .ARM.Collect$$rtentry$$00000002  c_w.l(rtentry2.o)
    0x00000152   0x00000006   Code   RO          560    .ARM.Collect$$rtentry$$00000004  c_w.l(rtentry4.o)
    0x00000158   0x00000000   Code   RO          550    .ARM.Collect$$rtentry$$00000009  c_w.l(rtentry2.o)
    0x00000158   0x00000004   Code   RO          551    .ARM.Collect$$rtentry$$0000000A  c_w.l(rtentry2.o)
    0x0000015c   0x00000000   Code   RO          553    .ARM.Collect$$rtentry$$0000000C  c_w.l(rtentry2.o)
    0x0000015c   0x00000008   Code   RO          554    .ARM.Collect$$rtentry$$0000000D  c_w.l(rtentry2.o)
    0x00000164   0x00000002   Code   RO          583    .ARM.Collect$$rtexit$$00000000  c_w.l(rtexit.o)
    0x00000166   0x00000000   Code   RO          637    .ARM.Collect$$rtexit$$00000002  c_w.l(rtexit2.o)
    0x00000166   0x00000004   Code   RO          638    .ARM.Collect$$rtexit$$00000003  c_w.l(rtexit2.o)
    0x0000016a   0x00000006   Code   RO          639    .ARM.Collect$$rtexit$$00000004  c_w.l(rtexit2.o)
    0x00000170   0x000000e0   Code   RO            1    .text               usbuser.o
    0x00000250   0x0000003c   Code   RO          260    .text               startup_lpc17xx.o
    0x0000028c   0x00000060   Code   RO          383    .text               kbd.o
    0x000002ec   0x00000006   Code   RO          531    .text               c_w.l(heapauxi.o)
    0x000002f2   0x0000000a   Code   RO          544    .text               c_w.l(_sputc.o)
    0x000002fc   0x00000004   Code   RO          259    .ARM.__at_0x02FC    startup_lpc17xx.o
    0x00000300   0x000003dc   Code   RO           44    .text               usbcore.o
    0x000006dc   0x000010a4   Code   RO          128    .text               usbdmain.o
    0x00001780   0x000008b4   Code   RO          180    .text               usbhw.o
    0x00002034   0x000000e8   Code   RO          204    .text               adcuser.o
    0x0000211c   0x00000460   Code   RO          224    .text               system_lpc17xx.o
    0x0000257c   0x000000a8   Code   RO          266    .text               adc.o
    0x00002624   0x00000c04   Code   RO          343    .text               glcd_spi_lpc1700.o
    0x00003228   0x0000007c   Code   RO          371    .text               irq.o
    0x000032a4   0x000000ac   Code   RO          401    .text               led.o
    0x00003350   0x000000ee   Code   RO          499    .text               c_w.l(lludivv7m.o)
    0x0000343e   0x00000002   PAD
    0x00003440   0x00000028   Code   RO          503    .text               c_w.l(noretval__2sprintf.o)
    0x00003468   0x00000068   Code   RO          505    .text               c_w.l(__printf.o)
    0x000034d0   0x00000078   Code   RO          507    .text               c_w.l(_printf_dec.o)
    0x00003548   0x000000b8   Code   RO          540    .text               c_w.l(_printf_intcommon.o)
    0x00003600   0x00000030   Code   RO          542    .text               c_w.l(_printf_char_common.o)
    0x00003630   0x0000004a   Code   RO          566    .text               c_w.l(sys_stackheap_outer.o)
    0x0000367a   0x0000000c   Code   RO          568    .text               c_w.l(exit.o)
    0x00003686   0x00000002   PAD
    0x00003688   0x00000008   Code   RO          580    .text               c_w.l(libspace.o)
    0x00003690   0x0000000c   Code   RO          634    .text               c_w.l(sys_exit.o)
    0x0000369c   0x00000002   Code   RO          653    .text               c_w.l(use_no_semi.o)
    0x0000369e   0x00000000   Code   RO          655    .text               c_w.l(indicate_semi.o)
    0x0000369e   0x00000002   PAD
    0x000036a0   0x000000b8   Code   RO           69    i.USB_ReqGetDescriptor  usbcore.o
    0x00003758   0x000000c0   Code   RO           57    i.USB_ReqGetStatus  usbcore.o
    0x00003818   0x000000ec   Code   RO           63    i.USB_ReqSetClrFeature  usbcore.o
    0x00003904   0x000001b4   Code   RO           75    i.USB_ReqSetConfiguration  usbcore.o
    0x00003ab8   0x00000130   Code   RO           81    i.USB_ReqSetInterface  usbcore.o
    0x00003be8   0x00000040   Data   RO            2    .constdata          usbuser.o
    0x00003c28   0x000000e4   Data   RO          116    .constdata          usbdesc.o
    0x00003d0c   0x00000010   Data   RO          182    .constdata          usbhw.o
    0x00003d1c   0x00001880   Data   RO          344    .constdata          glcd_spi_lpc1700.o
    0x0000559c   0x00000020   Data   RO          402    .constdata          led.o
    0x000055bc   0x00001211   Data   RO          416    .constdata          bird_dead.o
    0x000067cd   0x00001211   Data   RO          425    .constdata          bird_down.o
    0x000079de   0x00001211   Data   RO          434    .constdata          bird_up.o
    0x00008bef   0x00001211   Data   RO          443    .constdata          bird-mid.o
    0x00009e00   0x00009241   Data   RO          452    .constdata          pipe1.o
    0x00013041   0x00009241   Data   RO          461    .constdata          pipe2.o
    0x0001c282   0x00009241   Data   RO          470    .constdata          pipe3.o
    0x000254c3   0x00019001   Data   RO          479    .constdata          foreground.o
    0x0003e4c4   0x0001c6b1   Data   RO          488    .constdata          logo.o
    0x0005ab75   0x00000003   PAD
    0x0005ab78   0x00000030   Data   RO          704    Region$$Table       anon$$obj.o


    Execution Region RW_IRAM1 (Base: 0x10000000, Size: 0x00000418, Max: 0x00008000, ABSOLUTE)

    Base Addr    Size         Type   Attr      Idx    E Section Name        Object

    0x10000000   0x00000028   Data   RW           46    .data               usbcore.o
    0x10000028   0x00000084   Data   RW          130    .data               usbdmain.o
    0x100000ac   0x00000008   Data   RW          183    .data               usbhw.o
    0x100000b4   0x00000002   Data   RW          206    .data               adcuser.o
    0x100000b6   0x00000002   PAD
    0x100000b8   0x00000008   Data   RW          225    .data               system_lpc17xx.o
    0x100000c0   0x00000004   Data   RW          267    .data               adc.o
    0x100000c4   0x00000009   Data   RW          345    .data               glcd_spi_lpc1700.o
    0x100000cd   0x00000003   PAD
    0x100000d0   0x00000007   Data   RW          372    .data               irq.o
    0x100000d7   0x00000001   PAD
    0x100000d8   0x00000040   Zero   RW           45    .bss                usbcore.o
    0x10000118   0x0000001e   Zero   RW          129    .bss                usbdmain.o
    0x10000136   0x00000002   PAD
    0x10000138   0x00000080   Zero   RW          181    .bss                usbhw.o
    0x100001b8   0x00000060   Zero   RW          581    .bss                c_w.l(libspace.o)
    0x10000218   0x00000000   Zero   RW          257    HEAP                startup_lpc17xx.o
    0x10000218   0x00000200   Zero   RW          256    STACK               startup_lpc17xx.o


    Execution Region RW_USBRAM (Base: 0x20080000, Size: 0x00000220, Max: 0x00004000, ABSOLUTE)

    Base Addr    Size         Type   Attr      Idx    E Section Name        Object

    0x20080000   0x00000220   Zero   RW          184    USB_RAM             usbhw.o


==============================================================================

Image component sizes


      Code (inc. data)   RO Data    RW Data    ZI Data      Debug   Object Name

       168         30          0          4          0        825   adc.o
       232         16          0          2          0       1476   adcuser.o
         0          0       4625          0          0        431   bird-mid.o
         0          0       4625          0          0        440   bird_dead.o
         0          0       4625          0          0        440   bird_down.o
         0          0       4625          0          0        422   bird_up.o
         0          0          0          0          0         32   core_cm3.o
         0          0     102401          0          0        505   foreground.o
      3076         64       6272          9          0       8688   glcd_spi_lpc1700.o
       124         16          0          7          0        638   irq.o
        96         22          0          0          0        706   kbd.o
       172         16         32          0          0       1229   led.o
         0          0     116401          0          0        391   logo.o
         0          0      37441          0          0        404   pipe1.o
         0          0      37441          0          0        404   pipe2.o
         0          0      37441          0          0        404   pipe3.o
        64         26        204          0        512        836   startup_lpc17xx.o
      1120         90          0          8          0       1155   system_lpc17xx.o
      2340        206          0         40         64       7603   usbcore.o
         0          0        228          0          0        529   usbdesc.o
      4260        676          0        132         30      26670   usbdmain.o
      2228        256         16          8        672      12903   usbhw.o
       224         22         64          0          0      12791   usbuser.o

    ----------------------------------------------------------------------
     14104       1440     356492        216       1280      79922   Object Totals
         0          0         48          0          0          0   (incl. Generated)
         0          0          3          6          2          0   (incl. Padding)

    ----------------------------------------------------------------------

      Code (inc. data)   RO Data    RW Data    ZI Data      Debug   Library Member Name

         8          0          0          0          0         68   __main.o
       104          0          0          0          0         84   __printf.o
        52          8          0          0          0          0   __scatter.o
        26          0          0          0          0          0   __scatter_copy.o
        28          0          0          0          0          0   __scatter_zi.o
        48          6          0          0          0         96   _printf_char_common.o
       120         18          0          0          0         92   _printf_dec.o
         6          0          0          0          0          0   _printf_i.o
       184          0          0          0          0         88   _printf_intcommon.o
         0          0          0          0          0          0   _printf_percent.o
         4          0          0          0          0          0   _printf_percent_end.o
        10          0          0          0          0         68   _sputc.o
        12          0          0          0          0         72   exit.o
         6          0          0          0          0        152   heapauxi.o
         0          0          0          0          0          0   indicate_semi.o
         2          0          0          0          0          0   libinit.o
         2          0          0          0          0          0   libinit2.o
         2          0          0          0          0          0   libshutdown.o
         2          0          0          0          0          0   libshutdown2.o
         8          4          0          0         96         68   libspace.o
       238          0          0          0          0        100   lludivv7m.o
        40          6          0          0          0         84   noretval__2sprintf.o
         0          0          0          0          0          0   rtentry.o
        12          0          0          0          0          0   rtentry2.o
         6          0          0          0          0          0   rtentry4.o
         2          0          0          0          0          0   rtexit.o
        10          0          0          0          0          0   rtexit2.o
        12          4          0          0          0         68   sys_exit.o
        74          0          0          0          0         80   sys_stackheap_outer.o
         2          0          0          0          0         68   use_no_semi.o

    ----------------------------------------------------------------------
      1028         46          0          0         96       1188   Library Totals
         8          0          0          0          0          0   (incl. Padding)

    ----------------------------------------------------------------------

      Code (inc. data)   RO Data    RW Data    ZI Data      Debug   Library Name

      1020         46          0          0         96       1188   c_w.l

    ----------------------------------------------------------------------
      1028         46          0          0         96       1188   Library Totals

    ----------------------------------------------------------------------

==============================================================================


      Code (inc. data)   RO Data    RW Data    ZI Data      Debug   

     15132       1486     356492        216       1376      79082   Grand Totals
     15132       1486     356492        216       1376      79082   ELF Image Totals
     15132       1486     356492        216          0          0   ROM Totals

==============================================================================

    Total RO  Size (Code + RO Data)               371624 ( 362.91kB)
    Total RW  Size (RW Data + ZI Data)              1592 (   1.55kB)
    Total ROM Size (Code + RO Data + RW Data)     371840 ( 363.13kB)

==============================================================================

