<html>
<body>
<pre>
<h1>µVision Build Log</h1>
<h2>Project:</h2>
S:\LCD_Blinky_new\LCD_Blinky_course\Blinky.uvproj
Project File Date:  10/30/2014

<h2>Output:</h2>
Rebuild target 'LPC1768 Flash'
assembling startup_LPC17xx.s...
compiling system_LPC17xx.c...
compiling core_cm3.c...
compiling Blinky.c...
compiling IRQ.c...
compiling GLCD_SPI_LPC1700.c...
compiling LED.c...
compiling Bg_16bpp_t.c...
compiling Bg_16bpp_l.c...
compiling Bg_16bpp_r.c...
compiling Bg_16bpp_b.c...
compiling ARM_Ani_16bpp.c...
linking...
Program Size: Code=5114 RO-data=203890 RW-data=908 ZI-data=516  
".\Flash\Blinky.axf" - 0 Error(s), 0 Warning(s).
Load "S:\\LCD_Blinky_new\\LCD_Blinky_course\\Flash\\Blinky.axf" 
Erase Done.
Programming Done.
Verify OK.
