<html>
<body>
<pre>
<h1>µVision Build Log</h1>
<h2>Project:</h2>
S:\coe718\Media_Center\usbaudio.uvproj
Project File Date:  11/27/2017

<h2>Output:</h2>
Rebuild target 'Flash'
compiling usbuser.c...
compiling usbcore.c...
compiling usbdesc.c...
compiling usbdmain.c...
compiling usbhw.c...
compiling adcuser.c...
compiling system_LPC17xx.c...
compiling core_cm3.c...
assembling startup_LPC17xx.s...
compiling ADC.c...
compiling adcuser.c...
compiling ARM_Ani_16bpp.c...
compiling background.c...
compiling Bg_16bpp_b.c...
compiling Bg_16bpp_l.c...
compiling Bg_16bpp_r.c...
compiling Bg_16bpp_t.c...
compiling char.c...
compiling core_cm3.c...
compiling GLCD_SPI_LPC1700.c...
compiling IRQ.c...
compiling KBD.c...
compiling LED.c...
compiling system_LPC17xx.c...
compiling usbcore.c...
compiling usbdesc.c...
compiling usbdmain.c...
compiling usbhw.c...
compiling usbuser.c...
assembling startup_LPC17xx.s...
compiling bird_dead.C...
compiling bird_down.C...
compiling bird_up.C...
compiling bird-mid.C...
compiling pipe1.C...
compiling pipe2.C...
compiling pipe3.C...
compiling foreground.c...
compiling logo.c...
linking...
.\Obj\usbaudio.axf: Warning: L6304W: Duplicate input file .\obj\adcuser.o ignored.
.\Obj\usbaudio.axf: Warning: L6304W: Duplicate input file .\obj\core_cm3.o ignored.
.\Obj\usbaudio.axf: Warning: L6304W: Duplicate input file .\obj\system_lpc17xx.o ignored.
.\Obj\usbaudio.axf: Warning: L6304W: Duplicate input file .\obj\usbcore.o ignored.
.\Obj\usbaudio.axf: Warning: L6304W: Duplicate input file .\obj\usbdesc.o ignored.
.\Obj\usbaudio.axf: Warning: L6304W: Duplicate input file .\obj\usbdmain.o ignored.
.\Obj\usbaudio.axf: Warning: L6304W: Duplicate input file .\obj\usbhw.o ignored.
.\Obj\usbaudio.axf: Warning: L6304W: Duplicate input file .\obj\usbuser.o ignored.
.\Obj\usbaudio.axf: Warning: L6304W: Duplicate input file .\obj\startup_lpc17xx.o ignored.
Program Size: Code=15044 RO-data=356492 RW-data=216 ZI-data=1376  
Finished: 0 information, 9 warning and 0 error messages.
FromELF: creating hex file...
".\Obj\usbaudio.axf" - 0 Error(s), 9 Warning(s).
Load "S:\\coe718\\Media_Center\\Obj\\usbaudio.axf" 
Erase Done.
Programming Done.
Verify OK.
d!
Error: Flash Download failed  -  "Cortex-M3"
coe718\\Media_Center\\Obj\\usbaudio.axf" 
Cannot Write to RAM for Flash Algorithms !
Erase Failed!
Error: Flash Download failed  -  "Cortex-M3"
